Component: ARM Compiler 5.06 update 2 (build 183) Tool: armlink [4d35b7]

==============================================================================

Section Cross References

    startup_stm32f10x_md.o(STACK) refers (Special) to heapauxi.o(.text) for __use_two_region_memory
    startup_stm32f10x_md.o(HEAP) refers (Special) to heapauxi.o(.text) for __use_two_region_memory
    startup_stm32f10x_md.o(RESET) refers (Special) to heapauxi.o(.text) for __use_two_region_memory
    startup_stm32f10x_md.o(RESET) refers to startup_stm32f10x_md.o(STACK) for __initial_sp
    startup_stm32f10x_md.o(RESET) refers to startup_stm32f10x_md.o(.text) for Reset_Handler
    startup_stm32f10x_md.o(RESET) refers to millisecondtimer.o(i.SysTick_Handler) for SysTick_Handler
    startup_stm32f10x_md.o(RESET) refers to interrupt.o(i.USART1_IRQHandler) for USART1_IRQHandler
    startup_stm32f10x_md.o(RESET) refers to interrupt.o(i.USART2_IRQHandler) for USART2_IRQHandler
    startup_stm32f10x_md.o(.text) refers (Special) to heapauxi.o(.text) for __use_two_region_memory
    startup_stm32f10x_md.o(.text) refers to system_stm32f10x.o(i.SystemInit) for SystemInit
    startup_stm32f10x_md.o(.text) refers to __main.o(!!!main) for __main
    startup_stm32f10x_md.o(.text) refers to startup_stm32f10x_md.o(HEAP) for Heap_Mem
    startup_stm32f10x_md.o(.text) refers to startup_stm32f10x_md.o(STACK) for Stack_Mem
    system_stm32f10x.o(i.SetSysClock) refers to system_stm32f10x.o(i.SetSysClockTo72) for SetSysClockTo72
    system_stm32f10x.o(i.SystemCoreClockUpdate) refers to system_stm32f10x.o(.data) for SystemCoreClock
    system_stm32f10x.o(i.SystemInit) refers to system_stm32f10x.o(i.SetSysClock) for SetSysClock
    main.o(i.__sti___8_main_cpp_Serial) refers to hardwareserial.o(i._ZN14HardwareSerialC1E14Serial_TypeDef) for HardwareSerial::HardwareSerial(Serial_TypeDef)
    main.o(i.__sti___8_main_cpp_Serial) refers to aeabi_atexit.o(.text) for __aeabi_atexit
    main.o(i.__sti___8_main_cpp_Serial) refers to main.o(i._ZN10BalanceCarC1Ev) for BalanceCar::BalanceCar()
    main.o(i.__sti___8_main_cpp_Serial) refers to main.o(.bss) for Serial
    main.o(i.__sti___8_main_cpp_Serial) refers to main.o(i._ZN14HardwareSerialD1Ev) for HardwareSerial::~HardwareSerial()
    main.o(i.__sti___8_main_cpp_Serial) refers to main.o(i._ZN10BalanceCarD1Ev) for BalanceCar::~BalanceCar()
    main.o(i.main) refers to system_stm32f10x.o(i.SystemInit) for SystemInit
    main.o(i.main) refers to millisecondtimer.o(i.initialise) for initialise
    main.o(i.main) refers to hardwareserial.o(i._ZN14HardwareSerial5beginEj) for HardwareSerial::begin(unsigned)
    main.o(i.main) refers to millisecondtimer.o(i.delay) for delay
    main.o(i.main) refers to balance.o(i._ZN10BalanceCar10initializeEv) for BalanceCar::initialize()
    main.o(i.main) refers to millisecondtimer.o(i.millis) for millis
    main.o(i.main) refers to balance.o(i._ZN10BalanceCar12flushImuInfoEv) for BalanceCar::flushImuInfo()
    main.o(i.main) refers to balance.o(i._ZN10BalanceCar11countCarPosEv) for BalanceCar::countCarPos()
    main.o(i.main) refers to balance.o(i._ZN10BalanceCar15flushEncodeInfoEv) for BalanceCar::flushEncodeInfo()
    main.o(i.main) refers to balance.o(i._ZN10BalanceCar15controlCarStandEv) for BalanceCar::controlCarStand()
    main.o(i.main) refers to dflt_clz.o(x$fpl$dfltu) for __aeabi_ui2d
    main.o(i.main) refers to drleqf.o(x$fpl$drleqf) for __aeabi_cdrcmple
    main.o(i.main) refers to main.o(.bss) for serial
    main.o(.ARM.exidx) refers to main.o(i.main) for i.main
    main.o(.ARM.exidx) refers to main.o(i.__sti___8_main_cpp_Serial) for i.__sti___8_main_cpp_Serial
    main.o(.init_array) refers to main.o(i.__sti___8_main_cpp_Serial) for __sti___8_main_cpp_Serial
    main.o(.init_array) refers to init_aeabi.o(.text) for __cpp_initialize__aeabi_
    stm32f10x_adc.o(i.ADC_DeInit) refers to stm32f10x_rcc.o(i.RCC_APB2PeriphResetCmd) for RCC_APB2PeriphResetCmd
    stm32f10x_bkp.o(i.BKP_DeInit) refers to stm32f10x_rcc.o(i.RCC_BackupResetCmd) for RCC_BackupResetCmd
    stm32f10x_can.o(i.CAN_DeInit) refers to stm32f10x_rcc.o(i.RCC_APB1PeriphResetCmd) for RCC_APB1PeriphResetCmd
    stm32f10x_can.o(i.CAN_GetITStatus) refers to stm32f10x_can.o(i.CheckITStatus) for CheckITStatus
    stm32f10x_cec.o(i.CEC_DeInit) refers to stm32f10x_rcc.o(i.RCC_APB1PeriphResetCmd) for RCC_APB1PeriphResetCmd
    stm32f10x_dac.o(i.DAC_DeInit) refers to stm32f10x_rcc.o(i.RCC_APB1PeriphResetCmd) for RCC_APB1PeriphResetCmd
    stm32f10x_flash.o(i.FLASH_EnableWriteProtection) refers to stm32f10x_flash.o(i.FLASH_WaitForLastOperation) for FLASH_WaitForLastOperation
    stm32f10x_flash.o(i.FLASH_EraseAllBank1Pages) refers to stm32f10x_flash.o(i.FLASH_WaitForLastBank1Operation) for FLASH_WaitForLastBank1Operation
    stm32f10x_flash.o(i.FLASH_EraseAllPages) refers to stm32f10x_flash.o(i.FLASH_WaitForLastOperation) for FLASH_WaitForLastOperation
[...]
    i._ZN10BalanceCarC1Ev                    0x08001cd4   Section        0  main.o(i._ZN10BalanceCarC1Ev)
    i._ZN10BalanceCarD1Ev                    0x08001d6c   Section        0  main.o(i._ZN10BalanceCarD1Ev)
    i._ZN10RingBuffer10store_charEh          0x08001da2   Section        0  ringbuffer.o(i._ZN10RingBuffer10store_charEh)
    i._ZN10RingBufferC1Ev                    0x08001dba   Section        0  ringbuffer.o(i._ZN10RingBufferC1Ev)
    i._ZN13geometry_msgs7Vector3C1Ev         0x08001dd0   Section        0  main.o(i._ZN13geometry_msgs7Vector3C1Ev)
    i._ZN14HardwareSerial3irqEv              0x08001de8   Section        0  hardwareserial.o(i._ZN14HardwareSerial3irqEv)
    i._ZN14HardwareSerial5beginEj            0x08001e30   Section        0  hardwareserial.o(i._ZN14HardwareSerial5beginEj)
    i._ZN14HardwareSerialC1E14Serial_TypeDef 0x08001f60   Section        0  hardwareserial.o(i._ZN14HardwareSerialC1E14Serial_TypeDef)
    i._ZN14HardwareSerialD1Ev                0x08001fa4   Section        0  main.o(i._ZN14HardwareSerialD1Ev)
    i._ZN3ros3MsgC2Ev                        0x08001fa8   Section        0  main.o(i._ZN3ros3MsgC2Ev)
    i._ZN4Gpio10initializeEjP12GPIO_TypeDeft16GPIOMode_TypeDef17GPIOSpeed_TypeDef 0x08001fb4   Section        0  gpio.o(i._ZN4Gpio10initializeEjP12GPIO_TypeDeft16GPIOMode_TypeDef17GPIOSpeed_TypeDef)
    i._ZN4Gpio3lowEv                         0x08001ff8   Section        0  balance.o(i._ZN4Gpio3lowEv)
    i._ZN4Gpio4highEv                        0x08002000   Section        0  balance.o(i._ZN4Gpio4highEv)
    i._ZN4GpioC1E10PORT_INDEXt16GPIOMode_TypeDef17GPIOSpeed_TypeDef 0x08002008   Section        0  gpio.o(i._ZN4GpioC1E10PORT_INDEXt16GPIOMode_TypeDef17GPIOSpeed_TypeDef)
    i._ZN5Wheel10initializeEhtt              0x08002040   Section        0  wheel.o(i._ZN5Wheel10initializeEhtt)
    i._ZN5Wheel6setPWMEs                     0x08002158   Section        0  wheel.o(i._ZN5Wheel6setPWMEs)
    i._ZN5Wheel8setSpeedEd                   0x08002218   Section        0  balance.o(i._ZN5Wheel8setSpeedEd)
    i._ZN7Battery10initializeEfff            0x08002220   Section        0  battery.o(i._ZN7Battery10initializeEfff)
    i._ZN7BatteryC1Ev                        0x0800233c   Section        0  battery.o(i._ZN7BatteryC1Ev)
    i._ZN7Encoder10initializeEh              0x08002340   Section        0  encoder.o(i._ZN7Encoder10initializeEh)
    i._ZN7Encoder10setEncoderEv              0x08002448   Section        0  encoder.o(i._ZN7Encoder10setEncoderEv)
    i._ZN7Mpu605012getAccAllValEPfh          0x08002476   Section        0  mpu6050.o(i._ZN7Mpu605012getAccAllValEPfh)
    i._ZN7Mpu605012mpu6050_initEv            0x08002528   Section        0  mpu6050.o(i._ZN7Mpu605012mpu6050_initEv)
    i._ZN7Mpu605013getGyroAllValEPfh         0x08002600   Section        0  mpu6050.o(i._ZN7Mpu605013getGyroAllValEPfh)
    i._ZN7Mpu605013readAccSourceEv           0x08002728   Section        0  mpu6050.o(i._ZN7Mpu605013readAccSourceEv)
    i._ZN7Mpu605014readGyroSourceEv          0x0800277a   Section        0  mpu6050.o(i._ZN7Mpu605014readGyroSourceEv)
    i._ZN7Mpu605014setOrientationEaaa        0x080027ca   Section        0  mpu6050.o(i._ZN7Mpu605014setOrientationEaaa)
    i._ZN7Mpu605017write_to_registerEihh     0x080027da   Section        0  mpu6050.o(i._ZN7Mpu605017write_to_registerEihh)
    i._ZN7Mpu6050C1Ehh                       0x08002810   Section        0  mpu6050.o(i._ZN7Mpu6050C1Ehh)
    i._ZN7TwoWire11i2c_get_ackEv             0x08002866   Section        0  wire.o(i._ZN7TwoWire11i2c_get_ackEv)
    i._ZN7TwoWire12i2c_send_ackEv            0x08002898   Section        0  wire.o(i._ZN7TwoWire12i2c_send_ackEv)
    i._ZN7TwoWire12i2c_shift_inEv            0x080028b6   Section        0  wire.o(i._ZN7TwoWire12i2c_shift_inEv)
    i._ZN7TwoWire13i2c_send_nackEv           0x080028f2   Section        0  wire.o(i._ZN7TwoWire13i2c_send_nackEv)
    i._ZN7TwoWire13i2c_shift_outEh           0x08002910   Section        0  wire.o(i._ZN7TwoWire13i2c_shift_outEh)
    i._ZN7TwoWire5beginEh                    0x0800294c   Section        0  wire.o(i._ZN7TwoWire5beginEh)
    i._ZN7TwoWire7processEv                  0x080029bc   Section        0  wire.o(i._ZN7TwoWire7processEv)
    i._ZN7TwoWire7set_sclEb                  0x08002a68   Section        0  wire.o(i._ZN7TwoWire7set_sclEb)
    i._ZN7TwoWire7set_sdaEb                  0x08002aa0   Section        0  wire.o(i._ZN7TwoWire7set_sdaEb)
    i._ZN7TwoWire8i2c_stopEv                 0x08002ad8   Section        0  wire.o(i._ZN7TwoWire8i2c_stopEv)
    i._ZN7TwoWire8sda_readEv                 0x08002af8   Section        0  wire.o(i._ZN7TwoWire8sda_readEv)
    i._ZN7TwoWire9i2c_startEv                0x08002b14   Section        0  wire.o(i._ZN7TwoWire9i2c_startEv)
    i._ZN7TwoWireC1Eh                        0x08002b2c   Section        0  wire.o(i._ZN7TwoWireC1Eh)
    i._ZN7TwoWireD1Ev                        0x08002b44   Section        0  wire.o(i._ZN7TwoWireD1Ev)
    i._ZN8WireBase11requestFromEhi           0x08002b4c   Section        0  wirebase.o(i._ZN8WireBase11requestFromEhi)
    i._ZN8WireBase11requestFromEii           0x08002b8c   Section        0  wirebase.o(i._ZN8WireBase11requestFromEii)
    i._ZN8WireBase15endTransmissionEv        0x08002ba0   Section        0  wirebase.o(i._ZN8WireBase15endTransmissionEv)
    i._ZN8WireBase17beginTransmissionEh      0x08002bc6   Section        0  wirebase.o(i._ZN8WireBase17beginTransmissionEh)
    i._ZN8WireBase17beginTransmissionEi      0x08002bdc   Section        0  wirebase.o(i._ZN8WireBase17beginTransmissionEi)
    i._ZN8WireBase4readEv                    0x08002bec   Section        0  wirebase.o(i._ZN8WireBase4readEv)
    i._ZN8WireBase5writeEh                   0x08002c40   Section        0  wirebase.o(i._ZN8WireBase5writeEh)
    i._ZN8WireBase5writeEi                   0x08002c6c   Section        0  wirebase.o(i._ZN8WireBase5writeEi)
    i._ZN8WireBase9availableEv               0x08002c7c   Section        0  wirebase.o(i._ZN8WireBase9availableEv)
    i.__ARM_fpclassifyf                      0x08002c8c   Section        0  fpclassifyf.o(i.__ARM_fpclassifyf)
    i.__cxa_pure_virtual                     0x08002cb2   Section        0  pure_virt.o(i.__cxa_pure_virtual)
    i.__mathlib_flt_infnan2                  0x08002cb8   Section        0  funder.o(i.__mathlib_flt_infnan2)
    i.__mathlib_flt_underflow                0x08002cbc   Section        0  funder.o(i.__mathlib_flt_underflow)
    i.__sti___8_main_cpp_Serial              0x08002cc8   Section        0  main.o(i.__sti___8_main_cpp_Serial)
    __sti___8_main_cpp_Serial                0x08002cc9   Thumb Code    56  main.o(i.__sti___8_main_cpp_Serial)
    i.atan2f                                 0x08002d18   Section        0  atan2f.o(i.atan2f)
    i.delay                                  0x08002f74   Section        0  millisecondtimer.o(i.delay)
    i.initialise                             0x08002f8c   Section        0  millisecondtimer.o(i.initialise)
    i.main                                   0x08002ff8   Section        0  main.o(i.main)
    i.millis                                 0x08003088   Section        0  millisecondtimer.o(i.millis)
    x$fpl$d2f                                0x08003094   Section       98  d2f.o(x$fpl$d2f)
    x$fpl$dadd                               0x080030f8   Section      336  daddsub_clz.o(x$fpl$dadd)
    _dadd1                                   0x08003109   Thumb Code     0  daddsub_clz.o(x$fpl$dadd)
    x$fpl$dcmpinf                            0x08003248   Section       24  dcmpi.o(x$fpl$dcmpinf)
    x$fpl$ddiv                               0x08003260   Section      688  ddiv.o(x$fpl$ddiv)
    ddiv_entry                               0x08003267   Thumb Code     0  ddiv.o(x$fpl$ddiv)
    x$fpl$dfix                               0x08003510   Section       94  dfix.o(x$fpl$dfix)
    x$fpl$dflt                               0x0800356e   Section       46  dflt_clz.o(x$fpl$dflt)
    x$fpl$dfltu                              0x0800359c   Section       38  dflt_clz.o(x$fpl$dfltu)
    x$fpl$dleqf                              0x080035c4   Section      120  dleqf.o(x$fpl$dleqf)
    x$fpl$dmul                               0x0800363c   Section      340  dmul.o(x$fpl$dmul)
    x$fpl$dnaninf                            0x08003790   Section      156  dnaninf.o(x$fpl$dnaninf)
    x$fpl$dretinf                            0x0800382c   Section       12  dretinf.o(x$fpl$dretinf)
    x$fpl$drleqf                             0x08003838   Section      108  drleqf.o(x$fpl$drleqf)
    x$fpl$dsub                               0x080038a4   Section      468  daddsub_clz.o(x$fpl$dsub)
    _dsub1                                   0x080038b5   Thumb Code     0  daddsub_clz.o(x$fpl$dsub)
    x$fpl$f2d                                0x08003a78   Section       86  f2d.o(x$fpl$f2d)
    x$fpl$fadd                               0x08003ad0   Section      196  faddsub_clz.o(x$fpl$fadd)
    _fadd1                                   0x08003adf   Thumb Code     0  faddsub_clz.o(x$fpl$fadd)
    x$fpl$fcheck1                            0x08003b94   Section       12  fcheck1.o(x$fpl$fcheck1)
    x$fpl$fcmpinf                            0x08003ba0   Section       24  fcmpi.o(x$fpl$fcmpinf)
    x$fpl$fdiv                               0x08003bb8   Section      388  fdiv.o(x$fpl$fdiv)
    _fdiv1                                   0x08003bb9   Thumb Code     0  fdiv.o(x$fpl$fdiv)
    x$fpl$ffix                               0x08003d3c   Section       54  ffix.o(x$fpl$ffix)
    x$fpl$fflt                               0x08003d74   Section       48  fflt_clz.o(x$fpl$fflt)
    x$fpl$fleqf                              0x08003da4   Section      104  fleqf.o(x$fpl$fleqf)
    x$fpl$fmul                               0x08003e0c   Section      258  fmul.o(x$fpl$fmul)
    x$fpl$fnaninf                            0x08003f0e   Section      140  fnaninf.o(x$fpl$fnaninf)
    x$fpl$fretinf                            0x08003f9a   Section       10  fretinf.o(x$fpl$fretinf)
    x$fpl$frleqf                             0x08003fa4   Section       98  frleqf.o(x$fpl$frleqf)
    x$fpl$frsb                               0x08004006   Section       20  faddsub_clz.o(x$fpl$frsb)
    x$fpl$fsub                               0x0800401c   Section      234  faddsub_clz.o(x$fpl$fsub)
    _fsub1                                   0x0800402b   Thumb Code     0  faddsub_clz.o(x$fpl$fsub)
    x$fpl$retnan                             0x08004106   Section      100  retnan.o(x$fpl$retnan)
    x$fpl$scalbnf                            0x0800416a   Section       76  scalbnf.o(x$fpl$scalbnf)
    x$fpl$trapveneer                         0x080041b6   Section       48  trapv.o(x$fpl$trapveneer)
    x$fpl$usenofp                            0x080041e6   Section        0  usenofp.o(x$fpl$usenofp)
    .constdata                               0x080041e8   Section       12  balance.o(.constdata)
    .constdata                               0x080041f4   Section       48  hardwareserial.o(.constdata)
    SERIAL_USART_CLK                         0x080041f4   Data          12  hardwareserial.o(.constdata)
    SERIAL_PORT_CLK                          0x08004200   Data          12  hardwareserial.o(.constdata)
    SERIAL_TX_PIN                            0x0800420c   Data           6  hardwareserial.o(.constdata)
    SERIAL_RX_PIN                            0x08004212   Data           6  hardwareserial.o(.constdata)
    SERIAL_IRQn                              0x08004218   Data           6  hardwareserial.o(.constdata)
    SERILA_NVIC                              0x0800421e   Data           6  hardwareserial.o(.constdata)
    .constdata__ZTV7TwoWire                  0x08004224   Section       16  wire.o(.constdata__ZTV7TwoWire)
    .constdata__ZTV8WireBase                 0x08004234   Section       16  wirebase.o(.constdata__ZTV8WireBase)
    .constdata__ZTVN13geometry_msgs7Vector3E 0x08004244   Section       24  main.o(.constdata__ZTVN13geometry_msgs7Vector3E)
    .constdata__ZTVN3ros3MsgE                0x0800425c   Section       24  main.o(.constdata__ZTVN3ros3MsgE)
    .constdata__ZTVN9riki_msgs3ImuE          0x08004274   Section       24  main.o(.constdata__ZTVN9riki_msgs3ImuE)
    .init_array                              0x080042ac   Section        4  main.o(.init_array)
    .init_array                              0x080042b0   Section        0  init_aeabi.o(.init_array)
    .data                                    0x20000000   Section       20  system_stm32f10x.o(.data)
    .data                                    0x20000014   Section       20  stm32f10x_rcc.o(.data)
    APBAHBPrescTable                         0x20000014   Data          16  stm32f10x_rcc.o(.data)
    ADCPrescTable                            0x20000024   Data           4  stm32f10x_rcc.o(.data)
    .data                                    0x20000028   Section       56  gpio.o(.data)
    .data                                    0x20000060   Section      100  balance.o(.data)
    .data                                    0x200000c4   Section        4  millisecondtimer.o(.data)
    .data                                    0x200000c8   Section       24  hardwareserial.o(.data)
    .data                                    0x200000e0   Section       12  interrupt.o(.data)
    .bss                                     0x200000f0   Section      548  main.o(.bss)
    .bss                                     0x20000314   Section       96  libspace.o(.bss)
    HEAP                                     0x20000378   Section     4096  startup_stm32f10x_md.o(HEAP)
    Heap_Mem                                 0x20000378   Data        4096  startup_stm32f10x_md.o(HEAP)
    STACK                                    0x20001378   Section     4096  startup_stm32f10x_md.o(STACK)
    Stack_Mem                                0x20001378   Data        4096  startup_stm32f10x_md.o(STACK)
    __initial_sp                             0x20002378   Data           0  startup_stm32f10x_md.o(STACK)

    Global Symbols

    Symbol Name                              Value     Ov Type        Size  Object(Section)

    BuildAttributes$$THM_ISAv4$P$D$K$B$S$PE$A:L22UL41UL21$X:L11$S22US41US21$IEEE1$IW$USESV6$~STKCKD$USESV7$~SHL$OTIME$ROPI$IEEEX$EBA8$UX$STANDARDLIB$REQ8$PRES8$EABIv2 0x00000000   Number         0  anon$$obj.o ABSOLUTE
    __ARM_use_no_argv                        0x00000000   Number         0  main.o ABSOLUTE
    _printf_flags                            0x00000000   Number         0  printf_stubs.o ABSOLUTE
    _printf_return_value                     0x00000000   Number         0  printf_stubs.o ABSOLUTE
    _printf_sizespec                         0x00000000   Number         0  printf_stubs.o ABSOLUTE
    _printf_widthprec                        0x00000000   Number         0  printf_stubs.o ABSOLUTE
    __ARM::default_unexpected_handler()       - Undefined Weak Reference
    __ARM_exceptions_buffer_required          - Undefined Weak Reference
    __ARM_exceptions_init                     - Undefined Weak Reference
    __alloca_initialize                       - Undefined Weak Reference
    __arm_preinit_                            - Undefined Weak Reference
    __sigvec_lookup                           - Undefined Weak Reference
    __user_heap_extent                        - Undefined Weak Reference
    _atexit_init                              - Undefined Weak Reference
    _call_atexit_fns                          - Undefined Weak Reference
    _clock_init                               - Undefined Weak Reference
    _fp_trap_init                             - Undefined Weak Reference
    _fp_trap_shutdown                         - Undefined Weak Reference
    _get_lc_collate                           - Undefined Weak Reference
    _get_lc_monetary                          - Undefined Weak Reference
    _get_lc_time                              - Undefined Weak Reference
    _getenv_init                              - Undefined Weak Reference
    _handle_redirection                       - Undefined Weak Reference
    _initio                                   - Undefined Weak Reference
    _mutex_acquire                            - Undefined Weak Reference
    _mutex_free                               - Undefined Weak Reference
    _mutex_release                            - Undefined Weak Reference
    _printf_fp_hex                            - Undefined Weak Reference
    _printf_mbtowc                            - Undefined Weak Reference
    _printf_wc                                - Undefined Weak Reference
    _rand_init                                - Undefined Weak Reference
    _signal_finish                            - Undefined Weak Reference
    _signal_init                              - Undefined Weak Reference
    _terminateio                              - Undefined Weak Reference
    __Vectors_Size                           0x000000ec   Number         0  startup_stm32f10x_md.o ABSOLUTE
    __Vectors                                0x08000000   Data           4  startup_stm32f10x_md.o(RESET)
    __dso_handle                             0x08000000   Number         0  startup_stm32f10x_md.o(RESET)
    __Vectors_End                            0x080000ec   Data           0  startup_stm32f10x_md.o(RESET)
    __main                                   0x080000ed   Thumb Code     8  __main.o(!!!main)
    __scatterload                            0x080000f5   Thumb Code     0  __scatter.o(!!!scatter)
    __scatterload_rt2                        0x080000f5   Thumb Code    44  __scatter.o(!!!scatter)
    __scatterload_rt2_thumb_only             0x080000f5   Thumb Code     0  __scatter.o(!!!scatter)
    __scatterload_null                       0x08000103   Thumb Code     0  __scatter.o(!!!scatter)
    __scatterload_copy                       0x08000129   Thumb Code    26  __scatter_copy.o(!!handler_copy)
    __scatterload_zeroinit                   0x08000145   Thumb Code    28  __scatter_zi.o(!!handler_zi)
    __rt_lib_init                            0x08000161   Thumb Code     0  libinit.o(.ARM.Collect$$libinit$$00000000)
    __rt_lib_init_fp_1                       0x08000163   Thumb Code     0  libinit2.o(.ARM.Collect$$libinit$$00000002)
    __rt_lib_init_heap_2                     0x08000163   Thumb Code     0  libinit2.o(.ARM.Collect$$libinit$$00000005)
    __rt_lib_init_preinit_1                  0x08000163   Thumb Code     0  libinit2.o(.ARM.Collect$$libinit$$00000004)
    __rt_lib_init_alloca_1                   0x0800016b   Thumb Code     0  libinit2.o(.ARM.Collect$$libinit$$0000002E)
    __rt_lib_init_argv_1                     0x0800016b   Thumb Code     0  libinit2.o(.ARM.Collect$$libinit$$0000002C)
    __rt_lib_init_atexit_1                   0x0800016b   Thumb Code     0  libinit2.o(.ARM.Collect$$libinit$$0000001B)
    __rt_lib_init_clock_1                    0x0800016b   Thumb Code     0  libinit2.o(.ARM.Collect$$libinit$$00000021)
    __rt_lib_init_cpp_2                      0x0800016b   Thumb Code     0  libinit2.o(.ARM.Collect$$libinit$$00000031)
    __rt_lib_init_exceptions_1               0x0800016b   Thumb Code     0  libinit2.o(.ARM.Collect$$libinit$$00000030)
    __rt_lib_init_fp_trap_1                  0x0800016b   Thumb Code     0  libinit2.o(.ARM.Collect$$libinit$$0000001F)
    __rt_lib_init_getenv_1                   0x0800016b   Thumb Code     0  libinit2.o(.ARM.Collect$$libinit$$00000023)
    __rt_lib_init_heap_1                     0x0800016b   Thumb Code     0  libinit2.o(.ARM.Collect$$libinit$$0000000A)
    __rt_lib_init_lc_collate_1               0x0800016b   Thumb Code     0  libinit2.o(.ARM.Collect$$libinit$$00000011)
    __rt_lib_init_lc_ctype_1                 0x0800016b   Thumb Code     0  libinit2.o(.ARM.Collect$$libinit$$00000013)
    __rt_lib_init_lc_monetary_1              0x0800016b   Thumb Code     0  libinit2.o(.ARM.Collect$$libinit$$00000015)
    __rt_lib_init_lc_numeric_1               0x0800016b   Thumb Code     0  libinit2.o(.ARM.Collect$$libinit$$00000017)
    __rt_lib_init_lc_time_1                  0x0800016b   Thumb Code     0  libinit2.o(.ARM.Collect$$libinit$$00000019)
    __rt_lib_init_rand_1                     0x0800016b   Thumb Code     0  libinit2.o(.ARM.Collect$$libinit$$0000000E)
    __rt_lib_init_signal_1                   0x0800016b   Thumb Code     0  libinit2.o(.ARM.Collect$$libinit$$0000001D)
    __rt_lib_init_stdio_1                    0x0800016b   Thumb Code     0  libinit2.o(.ARM.Collect$$libinit$$00000025)
    __rt_lib_init_user_alloc_1               0x0800016b   Thumb Code     0  libinit2.o(.ARM.Collect$$libinit$$0000000C)
    __rt_lib_init_cpp_1                      0x0800016f   Thumb Code     0  libinit2.o(.ARM.Collect$$libinit$$00000032)
    __rt_lib_init_return                     0x0800016f   Thumb Code     0  libinit2.o(.ARM.Collect$$libinit$$00000033)
    __rt_lib_shutdown                        0x08000171   Thumb Code     0  libshutdown.o(.ARM.Collect$$libshutdown$$00000000)
    __rt_lib_shutdown_cpp_2                  0x08000173   Thumb Code     0  libshutdown2.o(.ARM.Collect$$libshutdown$$00000001)
    __rt_lib_shutdown_cpp_1                  0x08000179   Thumb Code     0  libshutdown2.o(.ARM.Collect$$libshutdown$$00000002)
    __rt_lib_shutdown_fp_trap_1              0x08000179   Thumb Code     0  libshutdown2.o(.ARM.Collect$$libshutdown$$00000007)
    __rt_lib_shutdown_heap_1                 0x08000179   Thumb Code     0  libshutdown2.o(.ARM.Collect$$libshutdown$$0000000F)
    __rt_lib_shutdown_return                 0x08000179   Thumb Code     0  libshutdown2.o(.ARM.Collect$$libshutdown$$00000010)
    __rt_lib_shutdown_signal_1               0x08000179   Thumb Code     0  libshutdown2.o(.ARM.Collect$$libshutdown$$0000000A)
    __rt_lib_shutdown_stdio_1                0x08000179   Thumb Code     0  libshutdown2.o(.ARM.Collect$$libshutdown$$00000004)
    __rt_lib_shutdown_user_alloc_1           0x08000179   Thumb Code     0  libshutdown2.o(.ARM.Collect$$libshutdown$$0000000C)
    __rt_entry                               0x0800017b   Thumb Code     0  __rtentry.o(.ARM.Collect$$rtentry$$00000000)
    __rt_entry_presh_1                       0x0800017b   Thumb Code     0  __rtentry2.o(.ARM.Collect$$rtentry$$00000002)
    __rt_entry_sh                            0x0800017b   Thumb Code     0  __rtentry4.o(.ARM.Collect$$rtentry$$00000004)
    __rt_entry_li                            0x08000181   Thumb Code     0  __rtentry2.o(.ARM.Collect$$rtentry$$0000000A)
    __rt_entry_postsh_1                      0x08000181   Thumb Code     0  __rtentry2.o(.ARM.Collect$$rtentry$$00000009)
    __rt_entry_main                          0x08000185   Thumb Code     0  __rtentry2.o(.ARM.Collect$$rtentry$$0000000D)
    __rt_entry_postli_1                      0x08000185   Thumb Code     0  __rtentry2.o(.ARM.Collect$$rtentry$$0000000C)
    __rt_exit                                0x0800018d   Thumb Code     0  rtexit.o(.ARM.Collect$$rtexit$$00000000)
    __rt_exit_ls                             0x0800018f   Thumb Code     0  rtexit2.o(.ARM.Collect$$rtexit$$00000003)
    __rt_exit_prels_1                        0x0800018f   Thumb Code     0  rtexit2.o(.ARM.Collect$$rtexit$$00000002)
    __rt_exit_exit                           0x08000193   Thumb Code     0  rtexit2.o(.ARM.Collect$$rtexit$$00000004)
    Reset_Handler                            0x08000199   Thumb Code     8  startup_stm32f10x_md.o(.text)
    _maybe_terminate_alloc                   0x08000199   Thumb Code     0  maybetermalloc1.o(.emb_text)
    NMI_Handler                              0x080001a1   Thumb Code     2  startup_stm32f10x_md.o(.text)
    HardFault_Handler                        0x080001a3   Thumb Code     2  startup_stm32f10x_md.o(.text)
    MemManage_Handler                        0x080001a5   Thumb Code     2  startup_stm32f10x_md.o(.text)
    BusFault_Handler                         0x080001a7   Thumb Code     2  startup_stm32f10x_md.o(.text)
    UsageFault_Handler                       0x080001a9   Thumb Code     2  startup_stm32f10x_md.o(.text)
    SVC_Handler                              0x080001ab   Thumb Code     2  startup_stm32f10x_md.o(.text)
    DebugMon_Handler                         0x080001ad   Thumb Code     2  startup_stm32f10x_md.o(.text)
    PendSV_Handler                           0x080001af   Thumb Code     2  startup_stm32f10x_md.o(.text)
    ADC1_2_IRQHandler                        0x080001b3   Thumb Code     0  startup_stm32f10x_md.o(.text)
    CAN1_RX1_IRQHandler                      0x080001b3   Thumb Code     0  startup_stm32f10x_md.o(.text)
    CAN1_SCE_IRQHandler                      0x080001b3   Thumb Code     0  startup_stm32f10x_md.o(.text)
    DMA1_Channel1_IRQHandler                 0x080001b3   Thumb Code     0  startup_stm32f10x_md.o(.text)
    DMA1_Channel2_IRQHandler                 0x080001b3   Thumb Code     0  startup_stm32f10x_md.o(.text)
    DMA1_Channel3_IRQHandler                 0x080001b3   Thumb Code     0  startup_stm32f10x_md.o(.text)
    DMA1_Channel4_IRQHandler                 0x080001b3   Thumb Code     0  startup_stm32f10x_md.o(.text)
    DMA1_Channel5_IRQHandler                 0x080001b3   Thumb Code     0  startup_stm32f10x_md.o(.text)
    DMA1_Channel6_IRQHandler                 0x080001b3   Thumb Code     0  startup_stm32f10x_md.o(.text)
    DMA1_Channel7_IRQHandler                 0x080001b3   Thumb Code     0  startup_stm32f10x_md.o(.text)
    EXTI0_IRQHandler                         0x080001b3   Thumb Code     0  startup_stm32f10x_md.o(.text)
    EXTI15_10_IRQHandler                     0x080001b3   Thumb Code     0  startup_stm32f10x_md.o(.text)
    EXTI1_IRQHandler                         0x080001b3   Thumb Code     0  startup_stm32f10x_md.o(.text)
    EXTI2_IRQHandler                         0x080001b3   Thumb Code     0  startup_stm32f10x_md.o(.text)
    EXTI3_IRQHandler                         0x080001b3   Thumb Code     0  startup_stm32f10x_md.o(.text)
    EXTI4_IRQHandler                         0x080001b3   Thumb Code     0  startup_stm32f10x_md.o(.text)
    EXTI9_5_IRQHandler                       0x080001b3   Thumb Code     0  startup_stm32f10x_md.o(.text)
    FLASH_IRQHandler                         0x080001b3   Thumb Code     0  startup_stm32f10x_md.o(.text)
    I2C1_ER_IRQHandler                       0x080001b3   Thumb Code     0  startup_stm32f10x_md.o(.text)
    I2C1_EV_IRQHandler                       0x080001b3   Thumb Code     0  startup_stm32f10x_md.o(.text)
    I2C2_ER_IRQHandler                       0x080001b3   Thumb Code     0  startup_stm32f10x_md.o(.text)
    I2C2_EV_IRQHandler                       0x080001b3   Thumb Code     0  startup_stm32f10x_md.o(.text)
    PVD_IRQHandler                           0x080001b3   Thumb Code     0  startup_stm32f10x_md.o(.text)
    RCC_IRQHandler                           0x080001b3   Thumb Code     0  startup_stm32f10x_md.o(.text)
    RTCAlarm_IRQHandler                      0x080001b3   Thumb Code     0  startup_stm32f10x_md.o(.text)
    RTC_IRQHandler                           0x080001b3   Thumb Code     0  startup_stm32f10x_md.o(.text)
    SPI1_IRQHandler                          0x080001b3   Thumb Code     0  startup_stm32f10x_md.o(.text)
    SPI2_IRQHandler                          0x080001b3   Thumb Code     0  startup_stm32f10x_md.o(.text)
    TAMPER_IRQHandler                        0x080001b3   Thumb Code     0  startup_stm32f10x_md.o(.text)
    TIM1_BRK_IRQHandler                      0x080001b3   Thumb Code     0  startup_stm32f10x_md.o(.text)
    TIM1_CC_IRQHandler                       0x080001b3   Thumb Code     0  startup_stm32f10x_md.o(.text)
    TIM1_TRG_COM_IRQHandler                  0x080001b3   Thumb Code     0  startup_stm32f10x_md.o(.text)
    TIM1_UP_IRQHandler                       0x080001b3   Thumb Code     0  startup_stm32f10x_md.o(.text)
    TIM2_IRQHandler                          0x080001b3   Thumb Code     0  startup_stm32f10x_md.o(.text)
    TIM3_IRQHandler                          0x080001b3   Thumb Code     0  startup_stm32f10x_md.o(.text)
    TIM4_IRQHandler                          0x080001b3   Thumb Code     0  startup_stm32f10x_md.o(.text)
    USART3_IRQHandler                        0x080001b3   Thumb Code     0  startup_stm32f10x_md.o(.text)
    USBWakeUp_IRQHandler                     0x080001b3   Thumb Code     0  startup_stm32f10x_md.o(.text)
    USB_HP_CAN1_TX_IRQHandler                0x080001b3   Thumb Code     0  startup_stm32f10x_md.o(.text)
    USB_LP_CAN1_RX0_IRQHandler               0x080001b3   Thumb Code     0  startup_stm32f10x_md.o(.text)
    WWDG_IRQHandler                          0x080001b3   Thumb Code     0  startup_stm32f10x_md.o(.text)
    __user_initial_stackheap                 0x080001b5   Thumb Code     0  startup_stm32f10x_md.o(.text)
    __aeabi_atexit                           0x080001d9   Thumb Code    46  aeabi_atexit.o(.text)
    __aeabi_memclr4                          0x08000207   Thumb Code     0  rt_memclr_w.o(.text)
    __aeabi_memclr8                          0x08000207   Thumb Code     0  rt_memclr_w.o(.text)
    __rt_memclr_w                            0x08000207   Thumb Code    78  rt_memclr_w.o(.text)
    _memset_w                                0x0800020b   Thumb Code     0  rt_memclr_w.o(.text)
    __use_two_region_memory                  0x08000255   Thumb Code     2  heapauxi.o(.text)
    __rt_heap_escrow                         0x08000257   Thumb Code     2  heapauxi.o(.text)
    __rt_heap_expand                         0x08000259   Thumb Code     2  heapauxi.o(.text)
    __cpp_initialize__aeabi_                 0x0800025d   Thumb Code    26  init_aeabi.o(.text)
    __rt_ddtor_pointer_addr                  0x08000281   Thumb Code     8  rt_ddtor_pointer_addr_intlibspace.o(.text)
    malloc                                   0x08000289   Thumb Code    94  h1_alloc.o(.text)
    __cxa_finalize                           0x080002e7   Thumb Code    66  cxa_finalize.o(.text)
    __rt_SIGPVFN                             0x08000329   Thumb Code    14  defsig_pvfn_outer.o(.text)
    __user_libspace                          0x08000339   Thumb Code     8  libspace.o(.text)
    __user_perproc_libspace                  0x08000339   Thumb Code     0  libspace.o(.text)
    __user_perthread_libspace                0x08000339   Thumb Code     0  libspace.o(.text)
    __rt_heap_descriptor                     0x08000341   Thumb Code     8  rt_heap_descriptor_intlibspace.o(.text)
    __use_no_heap                            0x08000349   Thumb Code     2  hguard.o(.text)
    __heap$guard                             0x0800034b   Thumb Code     2  hguard.o(.text)
    _terminate_user_alloc                    0x0800034d   Thumb Code     2  init_alloc.o(.text)
    _init_user_alloc                         0x0800034f   Thumb Code     2  init_alloc.o(.text)
    __Heap_Full                              0x08000351   Thumb Code    34  init_alloc.o(.text)
    __Heap_Broken                            0x08000373   Thumb Code     6  init_alloc.o(.text)
    _init_alloc                              0x08000379   Thumb Code    94  init_alloc.o(.text)
    __Heap_Initialize                        0x080003d7   Thumb Code    10  h1_init.o(.text)
    __Heap_DescSize                          0x080003e1   Thumb Code     4  h1_init.o(.text)
    free                                     0x080003e5   Thumb Code    78  h1_free.o(.text)
    __sig_exit                               0x08000433   Thumb Code    10  defsig_exit.o(.text)
    __rt_SIGPVFN_inner                       0x0800043d   Thumb Code    14  defsig_pvfn_inner.o(.text)
    _sys_exit                                0x0800046d   Thumb Code     8  sys_exit.o(.text)
    __user_setup_stackheap                   0x08000479   Thumb Code    74  sys_stackheap_outer.o(.text)
    __Heap_ProvideMemory                     0x080004c3   Thumb Code    52  h1_extend.o(.text)
    exit                                     0x080004f7   Thumb Code    18  exit.o(.text)
    __default_signal_display                 0x08000509   Thumb Code    50  defsig_general.o(.text)
    __rt_SIGRTMEM                            0x0800053b   Thumb Code    14  defsig_rtmem_outer.o(.text)
    _ttywrch                                 0x08000549   Thumb Code    14  sys_wrch.o(.text)
    __I$use$semihosting                      0x08000557   Thumb Code     0  use_no_semi.o(.text)
    __use_no_semihosting_swi                 0x08000557   Thumb Code     2  use_no_semi.o(.text)
    __rt_SIGRTMEM_inner                      0x08000559   Thumb Code    22  defsig_rtmem_inner.o(.text)
    __semihosting_library_function           0x08000559   Thumb Code     0  indicate_semi.o(.text)
    ADC_Cmd                                  0x080005a9   Thumb Code    22  stm32f10x_adc.o(i.ADC_Cmd)
    ADC_DMACmd                               0x080005bf   Thumb Code    22  stm32f10x_adc.o(i.ADC_DMACmd)
    ADC_GetCalibrationStatus                 0x080005d5   Thumb Code    20  stm32f10x_adc.o(i.ADC_GetCalibrationStatus)
    ADC_GetResetCalibrationStatus            0x080005e9   Thumb Code    20  stm32f10x_adc.o(i.ADC_GetResetCalibrationStatus)
    ADC_Init                                 0x080005fd   Thumb Code    70  stm32f10x_adc.o(i.ADC_Init)
    ADC_RegularChannelConfig                 0x0800064d   Thumb Code   184  stm32f10x_adc.o(i.ADC_RegularChannelConfig)
    ADC_ResetCalibration                     0x08000705   Thumb Code    10  stm32f10x_adc.o(i.ADC_ResetCalibration)
    ADC_SoftwareStartConvCmd                 0x0800070f   Thumb Code    22  stm32f10x_adc.o(i.ADC_SoftwareStartConvCmd)
    ADC_StartCalibration                     0x08000725   Thumb Code    10  stm32f10x_adc.o(i.ADC_StartCalibration)
    DMA_Cmd                                  0x0800072f   Thumb Code    24  stm32f10x_dma.o(i.DMA_Cmd)
    DMA_DeInit                               0x08000749   Thumb Code   324  stm32f10x_dma.o(i.DMA_DeInit)
    DMA_Init                                 0x08000895   Thumb Code    60  stm32f10x_dma.o(i.DMA_Init)
    GPIO_Init                                0x080008d1   Thumb Code   278  stm32f10x_gpio.o(i.GPIO_Init)
    GPIO_PinRemapConfig                      0x080009e9   Thumb Code   138  stm32f10x_gpio.o(i.GPIO_PinRemapConfig)
    GPIO_ReadInputDataBit                    0x08000a79   Thumb Code    18  stm32f10x_gpio.o(i.GPIO_ReadInputDataBit)
    GPIO_ResetBits                           0x08000a8b   Thumb Code     4  stm32f10x_gpio.o(i.GPIO_ResetBits)
    GPIO_SetBits                             0x08000a8f   Thumb Code     4  stm32f10x_gpio.o(i.GPIO_SetBits)
    NVIC_Init                                0x08000a95   Thumb Code   100  misc.o(i.NVIC_Init)
    RCC_ADCCLKConfig                         0x08000b05   Thumb Code    18  stm32f10x_rcc.o(i.RCC_ADCCLKConfig)
    RCC_AHBPeriphClockCmd                    0x08000b1d   Thumb Code    26  stm32f10x_rcc.o(i.RCC_AHBPeriphClockCmd)
    RCC_APB1PeriphClockCmd                   0x08000b3d   Thumb Code    26  stm32f10x_rcc.o(i.RCC_APB1PeriphClockCmd)
    RCC_APB2PeriphClockCmd                   0x08000b5d   Thumb Code    26  stm32f10x_rcc.o(i.RCC_APB2PeriphClockCmd)
    RCC_GetClocksFreq                        0x08000b7d   Thumb Code   192  stm32f10x_rcc.o(i.RCC_GetClocksFreq)
    SysTick_Handler                          0x08000d39   Thumb Code    28  millisecondtimer.o(i.SysTick_Handler)
    SystemInit                               0x08000d5d   Thumb Code    78  system_stm32f10x.o(i.SystemInit)
    TIM_ARRPreloadConfig                     0x08000ffd   Thumb Code    24  stm32f10x_tim.o(i.TIM_ARRPreloadConfig)
    TIM_ClearFlag                            0x08001015   Thumb Code     6  stm32f10x_tim.o(i.TIM_ClearFlag)
    TIM_Cmd                                  0x0800101b   Thumb Code    24  stm32f10x_tim.o(i.TIM_Cmd)
    TIM_EncoderInterfaceConfig               0x08001033   Thumb Code    66  stm32f10x_tim.o(i.TIM_EncoderInterfaceConfig)
    TIM_GetCounter                           0x08001075   Thumb Code     6  stm32f10x_tim.o(i.TIM_GetCounter)
    TIM_ICInit                               0x0800107d   Thumb Code   150  stm32f10x_tim.o(i.TIM_ICInit)
    TIM_ICStructInit                         0x08001129   Thumb Code    18  stm32f10x_tim.o(i.TIM_ICStructInit)
    TIM_ITConfig                             0x0800113b   Thumb Code    18  stm32f10x_tim.o(i.TIM_ITConfig)
    TIM_OC1Init                              0x0800114d   Thumb Code   132  stm32f10x_tim.o(i.TIM_OC1Init)
    TIM_OC1PreloadConfig                     0x080011e5   Thumb Code    18  stm32f10x_tim.o(i.TIM_OC1PreloadConfig)
    TIM_OC2Init                              0x080011f9   Thumb Code   154  stm32f10x_tim.o(i.TIM_OC2Init)
    TIM_OC2PreloadConfig                     0x0800129d   Thumb Code    26  stm32f10x_tim.o(i.TIM_OC2PreloadConfig)
    TIM_OC3Init                              0x080012b9   Thumb Code   150  stm32f10x_tim.o(i.TIM_OC3Init)
    TIM_OC3PreloadConfig                     0x08001359   Thumb Code    18  stm32f10x_tim.o(i.TIM_OC3PreloadConfig)
    TIM_OC4Init                              0x0800136d   Thumb Code   114  stm32f10x_tim.o(i.TIM_OC4Init)
    TIM_OC4PreloadConfig                     0x080013e9   Thumb Code    26  stm32f10x_tim.o(i.TIM_OC4PreloadConfig)
    TIM_SetCompare1                          0x08001403   Thumb Code     4  stm32f10x_tim.o(i.TIM_SetCompare1)
    TIM_SetCompare2                          0x08001407   Thumb Code     4  stm32f10x_tim.o(i.TIM_SetCompare2)
    TIM_SetCompare3                          0x0800140b   Thumb Code     4  stm32f10x_tim.o(i.TIM_SetCompare3)
    TIM_SetCompare4                          0x0800140f   Thumb Code     6  stm32f10x_tim.o(i.TIM_SetCompare4)
    TIM_SetCounter                           0x08001415   Thumb Code     4  stm32f10x_tim.o(i.TIM_SetCounter)
    TIM_SetIC1Prescaler                      0x08001419   Thumb Code    18  stm32f10x_tim.o(i.TIM_SetIC1Prescaler)
    TIM_SetIC2Prescaler                      0x0800142b   Thumb Code    26  stm32f10x_tim.o(i.TIM_SetIC2Prescaler)
    TIM_SetIC3Prescaler                      0x08001445   Thumb Code    18  stm32f10x_tim.o(i.TIM_SetIC3Prescaler)
    TIM_SetIC4Prescaler                      0x08001457   Thumb Code    26  stm32f10x_tim.o(i.TIM_SetIC4Prescaler)
    TIM_TimeBaseInit                         0x08001471   Thumb Code   122  stm32f10x_tim.o(i.TIM_TimeBaseInit)
    TIM_TimeBaseStructInit                   0x08001515   Thumb Code    18  stm32f10x_tim.o(i.TIM_TimeBaseStructInit)
    USART1_IRQHandler                        0x08001529   Thumb Code    12  interrupt.o(i.USART1_IRQHandler)
    USART2_IRQHandler                        0x08001539   Thumb Code    12  interrupt.o(i.USART2_IRQHandler)
    USART_ClearITPendingBit                  0x08001549   Thumb Code    30  stm32f10x_usart.o(i.USART_ClearITPendingBit)
    USART_Cmd                                0x08001567   Thumb Code    24  stm32f10x_usart.o(i.USART_Cmd)
    USART_GetITStatus                        0x0800157f   Thumb Code    84  stm32f10x_usart.o(i.USART_GetITStatus)
    USART_ITConfig                           0x080015d3   Thumb Code    74  stm32f10x_usart.o(i.USART_ITConfig)
    USART_Init                               0x0800161d   Thumb Code   210  stm32f10x_usart.o(i.USART_Init)
    USART_ReceiveData                        0x080016f5   Thumb Code    10  stm32f10x_usart.o(i.USART_ReceiveData)
    BalanceCar::initialize()                 0x08001701   Thumb Code   410  balance.o(i._ZN10BalanceCar10initializeEv)
    BalanceCar::countCarPos()                0x080018b1   Thumb Code   134  balance.o(i._ZN10BalanceCar11countCarPosEv)
    BalanceCar::flushImuInfo()               0x0800194d   Thumb Code    62  balance.o(i._ZN10BalanceCar12flushImuInfoEv)
    BalanceCar::erjieHubuFilt()              0x0800198d   Thumb Code   196  balance.o(i._ZN10BalanceCar13erjieHubuFiltEv)
    BalanceCar::controlCarStand()            0x08001a69   Thumb Code   326  balance.o(i._ZN10BalanceCar15controlCarStandEv)
    BalanceCar::flushEncodeInfo()            0x08001bb5   Thumb Code   268  balance.o(i._ZN10BalanceCar15flushEncodeInfoEv)
    BalanceCar::BalanceCar()                 0x08001cd5   Thumb Code   148  main.o(i._ZN10BalanceCarC1Ev)
    BalanceCar::BalanceCar__sub_object()     0x08001cd5   Thumb Code     0  main.o(i._ZN10BalanceCarC1Ev)
    BalanceCar::~BalanceCar()                0x08001d6d   Thumb Code    54  main.o(i._ZN10BalanceCarD1Ev)
    BalanceCar::~BalanceCar__sub_object()    0x08001d6d   Thumb Code     0  main.o(i._ZN10BalanceCarD1Ev)
    RingBuffer::store_char(unsigned char)    0x08001da3   Thumb Code    24  ringbuffer.o(i._ZN10RingBuffer10store_charEh)
    RingBuffer::RingBuffer()                 0x08001dbb   Thumb Code    22  ringbuffer.o(i._ZN10RingBufferC1Ev)
    RingBuffer::RingBuffer__sub_object()     0x08001dbb   Thumb Code     0  ringbuffer.o(i._ZN10RingBufferC1Ev)
    geometry_msgs::Vector3::Vector3()        0x08001dd1   Thumb Code    20  main.o(i._ZN13geometry_msgs7Vector3C1Ev)
    geometry_msgs::Vector3::Vector3__sub_object() 0x08001dd1   Thumb Code     0  main.o(i._ZN13geometry_msgs7Vector3C1Ev)
    HardwareSerial::irq()                    0x08001de9   Thumb Code    68  hardwareserial.o(i._ZN14HardwareSerial3irqEv)
    HardwareSerial::begin(unsigned)          0x08001e31   Thumb Code   270  hardwareserial.o(i._ZN14HardwareSerial5beginEj)
    HardwareSerial::HardwareSerial(Serial_TypeDef) 0x08001f61   Thumb Code    56  hardwareserial.o(i._ZN14HardwareSerialC1E14Serial_TypeDef)
    HardwareSerial::HardwareSerial__sub_object(Serial_TypeDef) 0x08001f61   Thumb Code     0  hardwareserial.o(i._ZN14HardwareSerialC1E14Serial_TypeDef)
    HardwareSerial::~HardwareSerial()        0x08001fa5   Thumb Code     2  main.o(i._ZN14HardwareSerialD1Ev)
    HardwareSerial::~HardwareSerial__sub_object() 0x08001fa5   Thumb Code     0  main.o(i._ZN14HardwareSerialD1Ev)
    ros::Msg::Msg__sub_object()              0x08001fa9   Thumb Code     6  main.o(i._ZN3ros3MsgC2Ev)
    Gpio::initialize(unsigned, GPIO_TypeDef*, unsigned short, GPIOMode_TypeDef, GPIOSpeed_TypeDef) 0x08001fb5   Thumb Code    68  gpio.o(i._ZN4Gpio10initializeEjP12GPIO_TypeDeft16GPIOMode_TypeDef17GPIOSpeed_TypeDef)
    Gpio::low()                              0x08001ff9   Thumb Code     8  balance.o(i._ZN4Gpio3lowEv)
    Gpio::high()                             0x08002001   Thumb Code     8  balance.o(i._ZN4Gpio4highEv)
    Gpio::Gpio(PORT_INDEX, unsigned short, GPIOMode_TypeDef, GPIOSpeed_TypeDef) 0x08002009   Thumb Code    52  gpio.o(i._ZN4GpioC1E10PORT_INDEXt16GPIOMode_TypeDef17GPIOSpeed_TypeDef)
    Gpio::Gpio__sub_object(PORT_INDEX, unsigned short, GPIOMode_TypeDef, GPIOSpeed_TypeDef) 0x08002009   Thumb Code     0  gpio.o(i._ZN4GpioC1E10PORT_INDEXt16GPIOMode_TypeDef17GPIOSpeed_TypeDef)
    Wheel::initialize(unsigned char, unsigned short, unsigned short) 0x08002041   Thumb Code   276  wheel.o(i._ZN5Wheel10initializeEhtt)
    Wheel::setPWM(short)                     0x08002159   Thumb Code   188  wheel.o(i._ZN5Wheel6setPWMEs)
    Wheel::setSpeed(double)                  0x08002219   Thumb Code     6  balance.o(i._ZN5Wheel8setSpeedEd)
    Battery::initialize(float, float, float) 0x08002221   Thumb Code   274  battery.o(i._ZN7Battery10initializeEfff)
    Battery::Battery()                       0x0800233d   Thumb Code     2  battery.o(i._ZN7BatteryC1Ev)
    Battery::Battery__sub_object()           0x0800233d   Thumb Code     0  battery.o(i._ZN7BatteryC1Ev)
    Encoder::initialize(unsigned char)       0x08002341   Thumb Code   260  encoder.o(i._ZN7Encoder10initializeEh)
    Encoder::setEncoder()                    0x08002449   Thumb Code    46  encoder.o(i._ZN7Encoder10setEncoderEv)
    Mpu6050::getAccAllVal(float*, unsigned char) 0x08002477   Thumb Code   178  mpu6050.o(i._ZN7Mpu605012getAccAllValEPfh)
    Mpu6050::mpu6050_init()                  0x08002529   Thumb Code   214  mpu6050.o(i._ZN7Mpu605012mpu6050_initEv)
    Mpu6050::getGyroAllVal(float*, unsigned char) 0x08002601   Thumb Code   268  mpu6050.o(i._ZN7Mpu605013getGyroAllValEPfh)
    Mpu6050::readAccSource()                 0x08002729   Thumb Code    82  mpu6050.o(i._ZN7Mpu605013readAccSourceEv)
    Mpu6050::readGyroSource()                0x0800277b   Thumb Code    80  mpu6050.o(i._ZN7Mpu605014readGyroSourceEv)
    Mpu6050::setOrientation(signed char, signed char, signed char) 0x080027cb   Thumb Code    16  mpu6050.o(i._ZN7Mpu605014setOrientationEaaa)
    Mpu6050::write_to_register(int, unsigned char, unsigned char) 0x080027db   Thumb Code    54  mpu6050.o(i._ZN7Mpu605017write_to_registerEihh)
    Mpu6050::Mpu6050(unsigned char, unsigned char) 0x08002811   Thumb Code    86  mpu6050.o(i._ZN7Mpu6050C1Ehh)
    Mpu6050::Mpu6050__sub_object(unsigned char, unsigned char) 0x08002811   Thumb Code     0  mpu6050.o(i._ZN7Mpu6050C1Ehh)
    TwoWire::i2c_get_ack()                   0x08002867   Thumb Code    50  wire.o(i._ZN7TwoWire11i2c_get_ackEv)
    TwoWire::i2c_send_ack()                  0x08002899   Thumb Code    30  wire.o(i._ZN7TwoWire12i2c_send_ackEv)
    TwoWire::i2c_shift_in()                  0x080028b7   Thumb Code    60  wire.o(i._ZN7TwoWire12i2c_shift_inEv)
    TwoWire::i2c_send_nack()                 0x080028f3   Thumb Code    30  wire.o(i._ZN7TwoWire13i2c_send_nackEv)
    TwoWire::i2c_shift_out(unsigned char)    0x08002911   Thumb Code    60  wire.o(i._ZN7TwoWire13i2c_shift_outEh)
    TwoWire::begin(unsigned char)            0x0800294d   Thumb Code   106  wire.o(i._ZN7TwoWire5beginEh)
    TwoWire::process()                       0x080029bd   Thumb Code   170  wire.o(i._ZN7TwoWire7processEv)
    TwoWire::set_scl(bool)                   0x08002a69   Thumb Code    52  wire.o(i._ZN7TwoWire7set_sclEb)
    TwoWire::set_sda(bool)                   0x08002aa1   Thumb Code    52  wire.o(i._ZN7TwoWire7set_sdaEb)
    TwoWire::i2c_stop()                      0x08002ad9   Thumb Code    30  wire.o(i._ZN7TwoWire8i2c_stopEv)
    TwoWire::sda_read()                      0x08002af9   Thumb Code    24  wire.o(i._ZN7TwoWire8sda_readEv)
    TwoWire::i2c_start()                     0x08002b15   Thumb Code    22  wire.o(i._ZN7TwoWire9i2c_startEv)
    TwoWire::TwoWire(unsigned char)          0x08002b2d   Thumb Code    16  wire.o(i._ZN7TwoWireC1Eh)
    TwoWire::TwoWire__sub_object(unsigned char) 0x08002b2d   Thumb Code     0  wire.o(i._ZN7TwoWireC1Eh)
    TwoWire::~TwoWire()                      0x08002b45   Thumb Code     8  wire.o(i._ZN7TwoWireD1Ev)
    TwoWire::~TwoWire__sub_object()          0x08002b45   Thumb Code     0  wire.o(i._ZN7TwoWireD1Ev)
    WireBase::requestFrom(unsigned char, int) 0x08002b4d   Thumb Code    64  wirebase.o(i._ZN8WireBase11requestFromEhi)
    WireBase::requestFrom(int, int)          0x08002b8d   Thumb Code    20  wirebase.o(i._ZN8WireBase11requestFromEii)
    WireBase::endTransmission()              0x08002ba1   Thumb Code    38  wirebase.o(i._ZN8WireBase15endTransmissionEv)
    WireBase::beginTransmission(unsigned char) 0x08002bc7   Thumb Code    22  wirebase.o(i._ZN8WireBase17beginTransmissionEh)
    WireBase::beginTransmission(int)         0x08002bdd   Thumb Code    16  wirebase.o(i._ZN8WireBase17beginTransmissionEi)
    WireBase::read()                         0x08002bed   Thumb Code    84  wirebase.o(i._ZN8WireBase4readEv)
    WireBase::write(unsigned char)           0x08002c41   Thumb Code    44  wirebase.o(i._ZN8WireBase5writeEh)
    WireBase::write(int)                     0x08002c6d   Thumb Code    16  wirebase.o(i._ZN8WireBase5writeEi)
    WireBase::available()                    0x08002c7d   Thumb Code    16  wirebase.o(i._ZN8WireBase9availableEv)
    __ARM_fpclassifyf                        0x08002c8d   Thumb Code    38  fpclassifyf.o(i.__ARM_fpclassifyf)
    __cxa_pure_virtual                       0x08002cb3   Thumb Code     6  pure_virt.o(i.__cxa_pure_virtual)
    __mathlib_flt_infnan2                    0x08002cb9   Thumb Code     4  funder.o(i.__mathlib_flt_infnan2)
    __mathlib_flt_underflow                  0x08002cbd   Thumb Code    10  funder.o(i.__mathlib_flt_underflow)
    atan2f                                   0x08002d19   Thumb Code   528  atan2f.o(i.atan2f)
    delay                                    0x08002f75   Thumb Code    18  millisecondtimer.o(i.delay)
    initialise                               0x08002f8d   Thumb Code    90  millisecondtimer.o(i.initialise)
    main                                     0x08002ff9   Thumb Code   130  main.o(i.main)
    millis                                   0x08003089   Thumb Code     6  millisecondtimer.o(i.millis)
    __aeabi_d2f                              0x08003095   Thumb Code     0  d2f.o(x$fpl$d2f)
    _d2f                                     0x08003095   Thumb Code    98  d2f.o(x$fpl$d2f)
    __aeabi_dadd                             0x080030f9   Thumb Code     0  daddsub_clz.o(x$fpl$dadd)
    _dadd                                    0x080030f9   Thumb Code   332  daddsub_clz.o(x$fpl$dadd)
    __fpl_dcmp_Inf                           0x08003249   Thumb Code    24  dcmpi.o(x$fpl$dcmpinf)
    __aeabi_ddiv                             0x08003261   Thumb Code     0  ddiv.o(x$fpl$ddiv)
    _ddiv                                    0x08003261   Thumb Code   552  ddiv.o(x$fpl$ddiv)
    __aeabi_d2iz                             0x08003511   Thumb Code     0  dfix.o(x$fpl$dfix)
    _dfix                                    0x08003511   Thumb Code    94  dfix.o(x$fpl$dfix)
    __aeabi_i2d                              0x0800356f   Thumb Code     0  dflt_clz.o(x$fpl$dflt)
    _dflt                                    0x0800356f   Thumb Code    46  dflt_clz.o(x$fpl$dflt)
    __aeabi_ui2d                             0x0800359d   Thumb Code     0  dflt_clz.o(x$fpl$dfltu)
    _dfltu                                   0x0800359d   Thumb Code    38  dflt_clz.o(x$fpl$dfltu)
    __aeabi_cdcmple                          0x080035c5   Thumb Code     0  dleqf.o(x$fpl$dleqf)
    _dcmple                                  0x080035c5   Thumb Code   120  dleqf.o(x$fpl$dleqf)
    __fpl_dcmple_InfNaN                      0x08003627   Thumb Code     0  dleqf.o(x$fpl$dleqf)
    __aeabi_dmul                             0x0800363d   Thumb Code     0  dmul.o(x$fpl$dmul)
    _dmul                                    0x0800363d   Thumb Code   332  dmul.o(x$fpl$dmul)
    __fpl_dnaninf                            0x08003791   Thumb Code   156  dnaninf.o(x$fpl$dnaninf)
    __fpl_dretinf                            0x0800382d   Thumb Code    12  dretinf.o(x$fpl$dretinf)
    __aeabi_cdrcmple                         0x08003839   Thumb Code     0  drleqf.o(x$fpl$drleqf)
    _drcmple                                 0x08003839   Thumb Code   108  drleqf.o(x$fpl$drleqf)
    __aeabi_dsub                             0x080038a5   Thumb Code     0  daddsub_clz.o(x$fpl$dsub)
    _dsub                                    0x080038a5   Thumb Code   464  daddsub_clz.o(x$fpl$dsub)
    __aeabi_f2d                              0x08003a79   Thumb Code     0  f2d.o(x$fpl$f2d)
    _f2d                                     0x08003a79   Thumb Code    86  f2d.o(x$fpl$f2d)
    __aeabi_fadd                             0x08003ad1   Thumb Code     0  faddsub_clz.o(x$fpl$fadd)
    _fadd                                    0x08003ad1   Thumb Code   196  faddsub_clz.o(x$fpl$fadd)
    __fpl_fcheck_NaN1                        0x08003b95   Thumb Code     6  fcheck1.o(x$fpl$fcheck1)
    __fpl_fcmp_Inf                           0x08003ba1   Thumb Code    24  fcmpi.o(x$fpl$fcmpinf)
    __aeabi_fdiv                             0x08003bb9   Thumb Code     0  fdiv.o(x$fpl$fdiv)
    _fdiv                                    0x08003bb9   Thumb Code   384  fdiv.o(x$fpl$fdiv)
    __aeabi_f2iz                             0x08003d3d   Thumb Code     0  ffix.o(x$fpl$ffix)
    _ffix                                    0x08003d3d   Thumb Code    54  ffix.o(x$fpl$ffix)
    __aeabi_i2f                              0x08003d75   Thumb Code     0  fflt_clz.o(x$fpl$fflt)
    _fflt                                    0x08003d75   Thumb Code    48  fflt_clz.o(x$fpl$fflt)
    __aeabi_cfcmple                          0x08003da5   Thumb Code     0  fleqf.o(x$fpl$fleqf)
    _fcmple                                  0x08003da5   Thumb Code   104  fleqf.o(x$fpl$fleqf)
    __fpl_fcmple_InfNaN                      0x08003df7   Thumb Code     0  fleqf.o(x$fpl$fleqf)
    __aeabi_fmul                             0x08003e0d   Thumb Code     0  fmul.o(x$fpl$fmul)
    _fmul                                    0x08003e0d   Thumb Code   258  fmul.o(x$fpl$fmul)
    __fpl_fnaninf                            0x08003f0f   Thumb Code   140  fnaninf.o(x$fpl$fnaninf)
    __fpl_fretinf                            0x08003f9b   Thumb Code    10  fretinf.o(x$fpl$fretinf)
    __aeabi_cfrcmple                         0x08003fa5   Thumb Code     0  frleqf.o(x$fpl$frleqf)
    _frcmple                                 0x08003fa5   Thumb Code    98  frleqf.o(x$fpl$frleqf)
    __aeabi_frsub                            0x08004007   Thumb Code     0  faddsub_clz.o(x$fpl$frsb)
    _frsb                                    0x08004007   Thumb Code    20  faddsub_clz.o(x$fpl$frsb)
    __aeabi_fsub                             0x0800401d   Thumb Code     0  faddsub_clz.o(x$fpl$fsub)
    _fsub                                    0x0800401d   Thumb Code   234  faddsub_clz.o(x$fpl$fsub)
    __fpl_return_NaN                         0x08004107   Thumb Code   100  retnan.o(x$fpl$retnan)
    __ARM_scalbnf                            0x0800416b   Thumb Code    76  scalbnf.o(x$fpl$scalbnf)
    __fpl_cmpreturn                          0x080041b7   Thumb Code    48  trapv.o(x$fpl$trapveneer)
    __I$use$fp                               0x080041e6   Number         0  usenofp.o(x$fpl$usenofp)
    vtable for TwoWire                       0x08004224   Data          16  wire.o(.constdata__ZTV7TwoWire)
    vtable for WireBase                      0x08004234   Data          16  wirebase.o(.constdata__ZTV8WireBase)
    vtable for geometry_msgs::Vector3        0x08004244   Data          24  main.o(.constdata__ZTVN13geometry_msgs7Vector3E)
    vtable for ros::Msg                      0x0800425c   Data          24  main.o(.constdata__ZTVN3ros3MsgE)
    vtable for riki_msgs::Imu                0x08004274   Data          24  main.o(.constdata__ZTVN9riki_msgs3ImuE)
    Region$$Table$$Base                      0x0800428c   Number         0  anon$$obj.o(Region$$Table)
    Region$$Table$$Limit                     0x080042ac   Number         0  anon$$obj.o(Region$$Table)
    SHT$$INIT_ARRAY$$Base                    0x080042ac   Number         0  main.o(.init_array)
    SHT$$INIT_ARRAY$$Limit                   0x080042b0   Number         0  init_aeabi.o(.init_array)
    SystemCoreClock                          0x20000000   Data           4  system_stm32f10x.o(.data)
    AHBPrescTable                            0x20000004   Data          16  system_stm32f10x.o(.data)
    PERIPH_PORT                              0x20000028   Data          56  gpio.o(.data)
    y1                                       0x20000060   Data           8  balance.o(.data)
    angle_dot                                0x20000068   Data           4  balance.o(.data)
    Q_angle                                  0x2000006c   Data           4  balance.o(.data)
    Q_gyro                                   0x20000070   Data           4  balance.o(.data)
    R_angle                                  0x20000074   Data           4  balance.o(.data)
    C_0                                      0x20000078   Data           1  balance.o(.data)
    Q_bias                                   0x2000007c   Data           4  balance.o(.data)
    Angle_err                                0x20000080   Data           4  balance.o(.data)
    PCt_0                                    0x20000084   Data           4  balance.o(.data)
    PCt_1                                    0x20000088   Data           4  balance.o(.data)
    E                                        0x2000008c   Data           4  balance.o(.data)
    K_0                                      0x20000090   Data           4  balance.o(.data)
    K_1                                      0x20000094   Data           4  balance.o(.data)
    t_0                                      0x20000098   Data           4  balance.o(.data)
    t_1                                      0x2000009c   Data           4  balance.o(.data)
    PP                                       0x200000a0   Data          16  balance.o(.data)
    standpid                                 0x200000b0   Data          20  balance.o(.data)
    _counter                                 0x200000c4   Data           4  millisecondtimer.o(.data)
    SERIAL_USART                             0x200000c8   Data          12  hardwareserial.o(.data)
    SERIAL_PORT                              0x200000d4   Data          12  hardwareserial.o(.data)
    Serial1                                  0x200000e0   Data           4  interrupt.o(.data)
    Serial2                                  0x200000e4   Data           4  interrupt.o(.data)
    Serial3                                  0x200000e8   Data           4  interrupt.o(.data)
    Serial                                   0x200000f0   Data          76  main.o(.bss)
    balcar                                   0x20000140   Data         392  main.o(.bss)
    serial                                   0x200002c8   Data          76  main.o(.bss)
    __libspace_start                         0x20000314   Data          96  libspace.o(.bss)
    __temporary_stack_top$libspace           0x20000374   Data           0  libspace.o(.bss)



==============================================================================

Memory Map of the image

  Image Entry point : 0x080000ed

  Load Region LR_IROM1 (Base: 0x08000000, Size: 0x0000439c, Max: 0x00010000, ABSOLUTE)

    Execution Region ER_IROM1 (Base: 0x08000000, Size: 0x000042b0, Max: 0x00010000, ABSOLUTE)

    Base Addr    Size         Type   Attr      Idx    E Section Name        Object

    0x08000000   0x000000ec   Data   RO           19    RESET               startup_stm32f10x_md.o
    0x080000ec   0x00000008   Code   RO         4321  * !!!main             c_w.l(__main.o)
    0x080000f4   0x00000034   Code   RO         4990    !!!scatter          c_w.l(__scatter.o)
    0x08000128   0x0000001a   Code   RO         4992    !!handler_copy      c_w.l(__scatter_copy.o)
    0x08000142   0x00000002   PAD
    0x08000144   0x0000001c   Code   RO         4994    !!handler_zi        c_w.l(__scatter_zi.o)
    0x08000160   0x00000002   Code   RO         4930    .ARM.Collect$$libinit$$00000000  c_w.l(libinit.o)
    0x08000162   0x00000000   Code   RO         4647    .ARM.Collect$$libinit$$00000002  c_w.l(libinit2.o)
    0x08000162   0x00000000   Code   RO         4649    .ARM.Collect$$libinit$$00000004  c_w.l(libinit2.o)
    0x08000162   0x00000008   Code   RO         4650    .ARM.Collect$$libinit$$00000005  c_w.l(libinit2.o)
    0x0800016a   0x00000000   Code   RO         4652    .ARM.Collect$$libinit$$0000000A  c_w.l(libinit2.o)
    0x0800016a   0x00000000   Code   RO         4654    .ARM.Collect$$libinit$$0000000C  c_w.l(libinit2.o)
    0x0800016a   0x00000000   Code   RO         4656    .ARM.Collect$$libinit$$0000000E  c_w.l(libinit2.o)
    0x0800016a   0x00000000   Code   RO         4659    .ARM.Collect$$libinit$$00000011  c_w.l(libinit2.o)
    0x0800016a   0x00000000   Code   RO         4661    .ARM.Collect$$libinit$$00000013  c_w.l(libinit2.o)
    0x0800016a   0x00000000   Code   RO         4663    .ARM.Collect$$libinit$$00000015  c_w.l(libinit2.o)
    0x0800016a   0x00000000   Code   RO         4665    .ARM.Collect$$libinit$$00000017  c_w.l(libinit2.o)
    0x0800016a   0x00000000   Code   RO         4667    .ARM.Collect$$libinit$$00000019  c_w.l(libinit2.o)
    0x0800016a   0x00000000   Code   RO         4669    .ARM.Collect$$libinit$$0000001B  c_w.l(libinit2.o)
    0x0800016a   0x00000000   Code   RO         4671    .ARM.Collect$$libinit$$0000001D  c_w.l(libinit2.o)
    0x0800016a   0x00000000   Code   RO         4673    .ARM.Collect$$libinit$$0000001F  c_w.l(libinit2.o)
    0x0800016a   0x00000000   Code   RO         4675    .ARM.Collect$$libinit$$00000021  c_w.l(libinit2.o)
    0x0800016a   0x00000000   Code   RO         4677    .ARM.Collect$$libinit$$00000023  c_w.l(libinit2.o)
    0x0800016a   0x00000000   Code   RO         4679    .ARM.Collect$$libinit$$00000025  c_w.l(libinit2.o)
    0x0800016a   0x00000000   Code   RO         4683    .ARM.Collect$$libinit$$0000002C  c_w.l(libinit2.o)
    0x0800016a   0x00000000   Code   RO         4685    .ARM.Collect$$libinit$$0000002E  c_w.l(libinit2.o)
    0x0800016a   0x00000000   Code   RO         4687    .ARM.Collect$$libinit$$00000030  c_w.l(libinit2.o)
    0x0800016a   0x00000004   Code   RO         4688    .ARM.Collect$$libinit$$00000031  c_w.l(libinit2.o)
    0x0800016e   0x00000000   Code   RO         4689    .ARM.Collect$$libinit$$00000032  c_w.l(libinit2.o)
    0x0800016e   0x00000002   Code   RO         4690    .ARM.Collect$$libinit$$00000033  c_w.l(libinit2.o)
    0x08000170   0x00000002   Code   RO         4987    .ARM.Collect$$libshutdown$$00000000  c_w.l(libshutdown.o)
    0x08000172   0x00000006   Code   RO         4846    .ARM.Collect$$libshutdown$$00000001  c_w.l(libshutdown2.o)
    0x08000178   0x00000000   Code   RO         4847    .ARM.Collect$$libshutdown$$00000002  c_w.l(libshutdown2.o)
    0x08000178   0x00000000   Code   RO         4849    .ARM.Collect$$libshutdown$$00000004  c_w.l(libshutdown2.o)
    0x08000178   0x00000000   Code   RO         4852    .ARM.Collect$$libshutdown$$00000007  c_w.l(libshutdown2.o)
    0x08000178   0x00000000   Code   RO         4855    .ARM.Collect$$libshutdown$$0000000A  c_w.l(libshutdown2.o)
    0x08000178   0x00000000   Code   RO         4857    .ARM.Collect$$libshutdown$$0000000C  c_w.l(libshutdown2.o)
    0x08000178   0x00000000   Code   RO         4860    .ARM.Collect$$libshutdown$$0000000F  c_w.l(libshutdown2.o)
    0x08000178   0x00000002   Code   RO         4861    .ARM.Collect$$libshutdown$$00000010  c_w.l(libshutdown2.o)
    0x0800017a   0x00000000   Code   RO         4508    .ARM.Collect$$rtentry$$00000000  c_w.l(__rtentry.o)
    0x0800017a   0x00000000   Code   RO         4739    .ARM.Collect$$rtentry$$00000002  c_w.l(__rtentry2.o)
    0x0800017a   0x00000006   Code   RO         4751    .ARM.Collect$$rtentry$$00000004  c_w.l(__rtentry4.o)
    0x08000180   0x00000000   Code   RO         4741    .ARM.Collect$$rtentry$$00000009  c_w.l(__rtentry2.o)
    0x08000180   0x00000004   Code   RO         4742    .ARM.Collect$$rtentry$$0000000A  c_w.l(__rtentry2.o)
    0x08000184   0x00000000   Code   RO         4744    .ARM.Collect$$rtentry$$0000000C  c_w.l(__rtentry2.o)
    0x08000184   0x00000008   Code   RO         4745    .ARM.Collect$$rtentry$$0000000D  c_w.l(__rtentry2.o)
    0x0800018c   0x00000002   Code   RO         4941    .ARM.Collect$$rtexit$$00000000  c_w.l(rtexit.o)
    0x0800018e   0x00000000   Code   RO         4959    .ARM.Collect$$rtexit$$00000002  c_w.l(rtexit2.o)
    0x0800018e   0x00000004   Code   RO         4960    .ARM.Collect$$rtexit$$00000003  c_w.l(rtexit2.o)
    0x08000192   0x00000006   Code   RO         4961    .ARM.Collect$$rtexit$$00000004  c_w.l(rtexit2.o)
    0x08000198   0x00000000   Code   RO         4898    .emb_text           c_w.l(maybetermalloc1.o)
    0x08000198   0x00000040   Code   RO           20    .text               startup_stm32f10x_md.o
    0x080001d8   0x0000002e   Code   RO         4312    .text               c_w.l(aeabi_atexit.o)
    0x08000206   0x0000004e   Code   RO         4317    .text               c_w.l(rt_memclr_w.o)
    0x08000254   0x00000006   Code   RO         4319    .text               c_w.l(heapauxi.o)
    0x0800025a   0x00000002   PAD
    0x0800025c   0x00000024   Code   RO         4326    .text               c_w.l(init_aeabi.o)
    0x08000280   0x00000008   Code   RO         4512    .text               c_w.l(rt_ddtor_pointer_addr_intlibspace.o)
    0x08000288   0x0000005e   Code   RO         4516    .text               c_w.l(h1_alloc.o)
    0x080002e6   0x00000042   Code   RO         4639    .text               c_w.l(cxa_finalize.o)
    0x08000328   0x0000000e   Code   RO         4642    .text               c_w.l(defsig_pvfn_outer.o)
    0x08000336   0x00000002   PAD
    0x08000338   0x00000008   Code   RO         4733    .text               c_w.l(libspace.o)
    0x08000340   0x00000008   Code   RO         4758    .text               c_w.l(rt_heap_descriptor_intlibspace.o)
    0x08000348   0x00000004   Code   RO         4770    .text               c_w.l(hguard.o)
    0x0800034c   0x0000008a   Code   RO         4772    .text               c_w.l(init_alloc.o)
    0x080003d6   0x0000000e   Code   RO         4778    .text               c_w.l(h1_init.o)
    0x080003e4   0x0000004e   Code   RO         4780    .text               c_w.l(h1_free.o)
    0x08000432   0x0000000a   Code   RO         4836    .text               c_w.l(defsig_exit.o)
    0x0800043c   0x00000030   Code   RO         4838    .text               c_w.l(defsig_pvfn_inner.o)
    0x0800046c   0x0000000c   Code   RO         4885    .text               c_w.l(sys_exit.o)
    0x08000478   0x0000004a   Code   RO         4887    .text               c_w.l(sys_stackheap_outer.o)
    0x080004c2   0x00000034   Code   RO         4900    .text               c_w.l(h1_extend.o)
    0x080004f6   0x00000012   Code   RO         4904    .text               c_w.l(exit.o)
    0x08000508   0x00000032   Code   RO         4910    .text               c_w.l(defsig_general.o)
    0x0800053a   0x0000000e   Code   RO         4912    .text               c_w.l(defsig_rtmem_outer.o)
    0x08000548   0x0000000e   Code   RO         4936    .text               c_w.l(sys_wrch.o)
    0x08000556   0x00000002   Code   RO         4938    .text               c_w.l(use_no_semi.o)
    0x08000558   0x00000000   Code   RO         4940    .text               c_w.l(indicate_semi.o)
    0x08000558   0x00000050   Code   RO         4952    .text               c_w.l(defsig_rtmem_inner.o)
    0x080005a8   0x00000016   Code   RO          502    i.ADC_Cmd           stm32f10x_adc.o
    0x080005be   0x00000016   Code   RO          503    i.ADC_DMACmd        stm32f10x_adc.o
    0x080005d4   0x00000014   Code   RO          510    i.ADC_GetCalibrationStatus  stm32f10x_adc.o
    0x080005e8   0x00000014   Code   RO          516    i.ADC_GetResetCalibrationStatus  stm32f10x_adc.o
    0x080005fc   0x00000050   Code   RO          520    i.ADC_Init          stm32f10x_adc.o
    0x0800064c   0x000000b8   Code   RO          524    i.ADC_RegularChannelConfig  stm32f10x_adc.o
    0x08000704   0x0000000a   Code   RO          525    i.ADC_ResetCalibration  stm32f10x_adc.o
    0x0800070e   0x00000016   Code   RO          527    i.ADC_SoftwareStartConvCmd  stm32f10x_adc.o
    0x08000724   0x0000000a   Code   RO          529    i.ADC_StartCalibration  stm32f10x_adc.o
    0x0800072e   0x00000018   Code   RO         1187    i.DMA_Cmd           stm32f10x_dma.o
    0x08000746   0x00000002   PAD
    0x08000748   0x0000014c   Code   RO         1188    i.DMA_DeInit        stm32f10x_dma.o
    0x08000894   0x0000003c   Code   RO         1193    i.DMA_Init          stm32f10x_dma.o
    0x080008d0   0x00000116   Code   RO         1611    i.GPIO_Init         stm32f10x_gpio.o
    0x080009e6   0x00000002   PAD
    0x080009e8   0x00000090   Code   RO         1613    i.GPIO_PinRemapConfig  stm32f10x_gpio.o
    0x08000a78   0x00000012   Code   RO         1615    i.GPIO_ReadInputDataBit  stm32f10x_gpio.o
    0x08000a8a   0x00000004   Code   RO         1618    i.GPIO_ResetBits    stm32f10x_gpio.o
    0x08000a8e   0x00000004   Code   RO         1619    i.GPIO_SetBits      stm32f10x_gpio.o
    0x08000a92   0x00000002   PAD
    0x08000a94   0x00000070   Code   RO          456    i.NVIC_Init         misc.o
    0x08000b04   0x00000018   Code   RO         2025    i.RCC_ADCCLKConfig  stm32f10x_rcc.o
    0x08000b1c   0x00000020   Code   RO         2026    i.RCC_AHBPeriphClockCmd  stm32f10x_rcc.o
    0x08000b3c   0x00000020   Code   RO         2027    i.RCC_APB1PeriphClockCmd  stm32f10x_rcc.o
    0x08000b5c   0x00000020   Code   RO         2029    i.RCC_APB2PeriphClockCmd  stm32f10x_rcc.o
    0x08000b7c   0x000000d4   Code   RO         2037    i.RCC_GetClocksFreq  stm32f10x_rcc.o
    0x08000c50   0x00000008   Code   RO           24    i.SetSysClock       system_stm32f10x.o
    0x08000c58   0x000000e0   Code   RO           25    i.SetSysClockTo72   system_stm32f10x.o
    0x08000d38   0x00000024   Code   RO         4092    i.SysTick_Handler   millisecondtimer.o
    0x08000d5c   0x00000060   Code   RO           27    i.SystemInit        system_stm32f10x.o
    0x08000dbc   0x00000080   Code   RO         2645    i.TI1_Config        stm32f10x_tim.o
    0x08000e3c   0x00000098   Code   RO         2646    i.TI2_Config        stm32f10x_tim.o
    0x08000ed4   0x00000090   Code   RO         2647    i.TI3_Config        stm32f10x_tim.o
    0x08000f64   0x00000098   Code   RO         2648    i.TI4_Config        stm32f10x_tim.o
    0x08000ffc   0x00000018   Code   RO         2649    i.TIM_ARRPreloadConfig  stm32f10x_tim.o
    0x08001014   0x00000006   Code   RO         2655    i.TIM_ClearFlag     stm32f10x_tim.o
    0x0800101a   0x00000018   Code   RO         2661    i.TIM_Cmd           stm32f10x_tim.o
    0x08001032   0x00000042   Code   RO         2670    i.TIM_EncoderInterfaceConfig  stm32f10x_tim.o
    0x08001074   0x00000006   Code   RO         2680    i.TIM_GetCounter    stm32f10x_tim.o
    0x0800107a   0x00000002   PAD
    0x0800107c   0x000000ac   Code   RO         2684    i.TIM_ICInit        stm32f10x_tim.o
    0x08001128   0x00000012   Code   RO         2685    i.TIM_ICStructInit  stm32f10x_tim.o
    0x0800113a   0x00000012   Code   RO         2686    i.TIM_ITConfig      stm32f10x_tim.o
    0x0800114c   0x00000098   Code   RO         2690    i.TIM_OC1Init       stm32f10x_tim.o
    0x080011e4   0x00000012   Code   RO         2693    i.TIM_OC1PreloadConfig  stm32f10x_tim.o
    0x080011f6   0x00000002   PAD
    0x080011f8   0x000000a4   Code   RO         2695    i.TIM_OC2Init       stm32f10x_tim.o
    0x0800129c   0x0000001a   Code   RO         2698    i.TIM_OC2PreloadConfig  stm32f10x_tim.o
    0x080012b6   0x00000002   PAD
    0x080012b8   0x000000a0   Code   RO         2700    i.TIM_OC3Init       stm32f10x_tim.o
    0x08001358   0x00000012   Code   RO         2703    i.TIM_OC3PreloadConfig  stm32f10x_tim.o
    0x0800136a   0x00000002   PAD
    0x0800136c   0x0000007c   Code   RO         2705    i.TIM_OC4Init       stm32f10x_tim.o
    0x080013e8   0x0000001a   Code   RO         2707    i.TIM_OC4PreloadConfig  stm32f10x_tim.o
    0x08001402   0x00000004   Code   RO         2722    i.TIM_SetCompare1   stm32f10x_tim.o
    0x08001406   0x00000004   Code   RO         2723    i.TIM_SetCompare2   stm32f10x_tim.o
    0x0800140a   0x00000004   Code   RO         2724    i.TIM_SetCompare3   stm32f10x_tim.o
    0x0800140e   0x00000006   Code   RO         2725    i.TIM_SetCompare4   stm32f10x_tim.o
    0x08001414   0x00000004   Code   RO         2726    i.TIM_SetCounter    stm32f10x_tim.o
    0x08001418   0x00000012   Code   RO         2727    i.TIM_SetIC1Prescaler  stm32f10x_tim.o
    0x0800142a   0x0000001a   Code   RO         2728    i.TIM_SetIC2Prescaler  stm32f10x_tim.o
    0x08001444   0x00000012   Code   RO         2729    i.TIM_SetIC3Prescaler  stm32f10x_tim.o
    0x08001456   0x0000001a   Code   RO         2730    i.TIM_SetIC4Prescaler  stm32f10x_tim.o
    0x08001470   0x000000a4   Code   RO         2732    i.TIM_TimeBaseInit  stm32f10x_tim.o
    0x08001514   0x00000012   Code   RO         2733    i.TIM_TimeBaseStructInit  stm32f10x_tim.o
    0x08001526   0x00000002   PAD
    0x08001528   0x00000010   Code   RO         4218    i.USART1_IRQHandler  interrupt.o
    0x08001538   0x00000010   Code   RO         4219    i.USART2_IRQHandler  interrupt.o
    0x08001548   0x0000001e   Code   RO         3194    i.USART_ClearITPendingBit  stm32f10x_usart.o
    0x08001566   0x00000018   Code   RO         3197    i.USART_Cmd         stm32f10x_usart.o
    0x0800157e   0x00000054   Code   RO         3201    i.USART_GetITStatus  stm32f10x_usart.o
    0x080015d2   0x0000004a   Code   RO         3203    i.USART_ITConfig    stm32f10x_usart.o
    0x0800161c   0x000000d8   Code   RO         3204    i.USART_Init        stm32f10x_usart.o
    0x080016f4   0x0000000a   Code   RO         3211    i.USART_ReceiveData  stm32f10x_usart.o
    0x080016fe   0x00000002   PAD
    0x08001700   0x000001b0   Code   RO         3885    i._ZN10BalanceCar10initializeEv  balance.o
    0x080018b0   0x0000009c   Code   RO         3886    i._ZN10BalanceCar11countCarPosEv  balance.o
    0x0800194c   0x0000003e   Code   RO         3888    i._ZN10BalanceCar12flushImuInfoEv  balance.o
    0x0800198a   0x00000002   PAD
    0x0800198c   0x000000dc   Code   RO         3891    i._ZN10BalanceCar13erjieHubuFiltEv  balance.o
    0x08001a68   0x0000014c   Code   RO         3893    i._ZN10BalanceCar15controlCarStandEv  balance.o
    0x08001bb4   0x00000120   Code   RO         3894    i._ZN10BalanceCar15flushEncodeInfoEv  balance.o
    0x08001cd4   0x00000098   Code   RO          176    i._ZN10BalanceCarC1Ev  main.o
    0x08001d6c   0x00000036   Code   RO          179    i._ZN10BalanceCarD1Ev  main.o
    0x08001da2   0x00000018   Code   RO         4244    i._ZN10RingBuffer10store_charEh  ringbuffer.o
    0x08001dba   0x00000016   Code   RO         4245    i._ZN10RingBufferC1Ev  ringbuffer.o
    0x08001dd0   0x00000018   Code   RO          185    i._ZN13geometry_msgs7Vector3C1Ev  main.o
    0x08001de8   0x00000048   Code   RO         4150    i._ZN14HardwareSerial3irqEv  hardwareserial.o
    0x08001e30   0x00000130   Code   RO         4152    i._ZN14HardwareSerial5beginEj  hardwareserial.o
    0x08001f60   0x00000044   Code   RO         4158    i._ZN14HardwareSerialC1E14Serial_TypeDef  hardwareserial.o
    0x08001fa4   0x00000002   Code   RO          170    i._ZN14HardwareSerialD1Ev  main.o
    0x08001fa6   0x00000002   PAD
    0x08001fa8   0x0000000c   Code   RO          182    i._ZN3ros3MsgC2Ev   main.o
    0x08001fb4   0x00000044   Code   RO         3428    i._ZN4Gpio10initializeEjP12GPIO_TypeDeft16GPIOMode_TypeDef17GPIOSpeed_TypeDef  gpio.o
    0x08001ff8   0x00000008   Code   RO         3959    i._ZN4Gpio3lowEv    balance.o
    0x08002000   0x00000008   Code   RO         3953    i._ZN4Gpio4highEv   balance.o
    0x08002008   0x00000038   Code   RO         3429    i._ZN4GpioC1E10PORT_INDEXt16GPIOMode_TypeDef17GPIOSpeed_TypeDef  gpio.o
    0x08002040   0x00000118   Code   RO         3867    i._ZN5Wheel10initializeEhtt  wheel.o
    0x08002158   0x000000c0   Code   RO         3868    i._ZN5Wheel6setPWMEs  wheel.o
    0x08002218   0x00000006   Code   RO         3965    i._ZN5Wheel8setSpeedEd  balance.o
    0x0800221e   0x00000002   PAD
    0x08002220   0x0000011c   Code   RO         3664    i._ZN7Battery10initializeEfff  battery.o
    0x0800233c   0x00000002   Code   RO         3668    i._ZN7BatteryC1Ev   battery.o
    0x0800233e   0x00000002   PAD
    0x08002340   0x00000108   Code   RO         3711    i._ZN7Encoder10initializeEh  encoder.o
    0x08002448   0x0000002e   Code   RO         3712    i._ZN7Encoder10setEncoderEv  encoder.o
    0x08002476   0x000000b2   Code   RO         3731    i._ZN7Mpu605012getAccAllValEPfh  mpu6050.o
    0x08002528   0x000000d6   Code   RO         3732    i._ZN7Mpu605012mpu6050_initEv  mpu6050.o
    0x080025fe   0x00000002   PAD
    0x08002600   0x00000128   Code   RO         3733    i._ZN7Mpu605013getGyroAllValEPfh  mpu6050.o
    0x08002728   0x00000052   Code   RO         3735    i._ZN7Mpu605013readAccSourceEv  mpu6050.o
    0x0800277a   0x00000050   Code   RO         3736    i._ZN7Mpu605014readGyroSourceEv  mpu6050.o
    0x080027ca   0x00000010   Code   RO         3739    i._ZN7Mpu605014setOrientationEaaa  mpu6050.o
    0x080027da   0x00000036   Code   RO         3742    i._ZN7Mpu605017write_to_registerEihh  mpu6050.o
    0x08002810   0x00000056   Code   RO         3745    i._ZN7Mpu6050C1Ehh  mpu6050.o
    0x08002866   0x00000032   Code   RO         3463    i._ZN7TwoWire11i2c_get_ackEv  wire.o
    0x08002898   0x0000001e   Code   RO         3464    i._ZN7TwoWire12i2c_send_ackEv  wire.o
    0x080028b6   0x0000003c   Code   RO         3465    i._ZN7TwoWire12i2c_shift_inEv  wire.o
    0x080028f2   0x0000001e   Code   RO         3466    i._ZN7TwoWire13i2c_send_nackEv  wire.o
    0x08002910   0x0000003c   Code   RO         3467    i._ZN7TwoWire13i2c_shift_outEh  wire.o
    0x0800294c   0x00000070   Code   RO         3468    i._ZN7TwoWire5beginEh  wire.o
    0x080029bc   0x000000aa   Code   RO         3469    i._ZN7TwoWire7processEv  wire.o
    0x08002a66   0x00000002   PAD
    0x08002a68   0x00000038   Code   RO         3470    i._ZN7TwoWire7set_sclEb  wire.o
    0x08002aa0   0x00000038   Code   RO         3471    i._ZN7TwoWire7set_sdaEb  wire.o
    0x08002ad8   0x0000001e   Code   RO         3472    i._ZN7TwoWire8i2c_stopEv  wire.o
    0x08002af6   0x00000002   PAD
    0x08002af8   0x0000001c   Code   RO         3473    i._ZN7TwoWire8sda_readEv  wire.o
    0x08002b14   0x00000016   Code   RO         3474    i._ZN7TwoWire9i2c_startEv  wire.o
    0x08002b2a   0x00000002   PAD
    0x08002b2c   0x00000018   Code   RO         3475    i._ZN7TwoWireC1Eh   wire.o
    0x08002b44   0x00000008   Code   RO         3476    i._ZN7TwoWireD1Ev   wire.o
    0x08002b4c   0x00000040   Code   RO         3574    i._ZN8WireBase11requestFromEhi  wirebase.o
    0x08002b8c   0x00000014   Code   RO         3575    i._ZN8WireBase11requestFromEii  wirebase.o
    0x08002ba0   0x00000026   Code   RO         3576    i._ZN8WireBase15endTransmissionEv  wirebase.o
    0x08002bc6   0x00000016   Code   RO         3577    i._ZN8WireBase17beginTransmissionEh  wirebase.o
    0x08002bdc   0x00000010   Code   RO         3578    i._ZN8WireBase17beginTransmissionEi  wirebase.o
    0x08002bec   0x00000054   Code   RO         3579    i._ZN8WireBase4readEv  wirebase.o
    0x08002c40   0x0000002c   Code   RO         3584    i._ZN8WireBase5writeEh  wirebase.o
    0x08002c6c   0x00000010   Code   RO         3585    i._ZN8WireBase5writeEi  wirebase.o
    0x08002c7c   0x00000010   Code   RO         3586    i._ZN8WireBase9availableEv  wirebase.o
    0x08002c8c   0x00000026   Code   RO         4717    i.__ARM_fpclassifyf  m_ws.l(fpclassifyf.o)
    0x08002cb2   0x00000006   Code   RO         4329    i.__cxa_pure_virtual  cpprt_w.l(pure_virt.o)
    0x08002cb8   0x00000004   Code   RO         4721    i.__mathlib_flt_infnan2  m_ws.l(funder.o)
    0x08002cbc   0x0000000a   Code   RO         4725    i.__mathlib_flt_underflow  m_ws.l(funder.o)
    0x08002cc6   0x00000002   PAD
    0x08002cc8   0x00000050   Code   RO          137    i.__sti___8_main_cpp_Serial  main.o
    0x08002d18   0x0000025c   Code   RO         4501    i.atan2f            m_ws.l(atan2f.o)
    0x08002f74   0x00000018   Code   RO         4093    i.delay             millisecondtimer.o
    0x08002f8c   0x0000006c   Code   RO         4095    i.initialise        millisecondtimer.o
    0x08002ff8   0x00000090   Code   RO          138    i.main              main.o
    0x08003088   0x0000000c   Code   RO         4096    i.millis            millisecondtimer.o
    0x08003094   0x00000062   Code   RO         4438    x$fpl$d2f           fz_ws.l(d2f.o)
    0x080030f6   0x00000002   PAD
    0x080030f8   0x00000150   Code   RO         4440    x$fpl$dadd          fz_ws.l(daddsub_clz.o)
    0x08003248   0x00000018   Code   RO         4704    x$fpl$dcmpinf       fz_ws.l(dcmpi.o)
    0x08003260   0x000002b0   Code   RO         4447    x$fpl$ddiv          fz_ws.l(ddiv.o)
    0x08003510   0x0000005e   Code   RO         4452    x$fpl$dfix          fz_ws.l(dfix.o)
    0x0800356e   0x0000002e   Code   RO         4457    x$fpl$dflt          fz_ws.l(dflt_clz.o)
    0x0800359c   0x00000026   Code   RO         4456    x$fpl$dfltu         fz_ws.l(dflt_clz.o)
    0x080035c2   0x00000002   PAD
    0x080035c4   0x00000078   Code   RO         4462    x$fpl$dleqf         fz_ws.l(dleqf.o)
    0x0800363c   0x00000154   Code   RO         4464    x$fpl$dmul          fz_ws.l(dmul.o)
    0x08003790   0x0000009c   Code   RO         4706    x$fpl$dnaninf       fz_ws.l(dnaninf.o)
    0x0800382c   0x0000000c   Code   RO         4708    x$fpl$dretinf       fz_ws.l(dretinf.o)
    0x08003838   0x0000006c   Code   RO         4466    x$fpl$drleqf        fz_ws.l(drleqf.o)
    0x080038a4   0x000001d4   Code   RO         4442    x$fpl$dsub          fz_ws.l(daddsub_clz.o)
    0x08003a78   0x00000056   Code   RO         4468    x$fpl$f2d           fz_ws.l(f2d.o)
    0x08003ace   0x00000002   PAD
    0x08003ad0   0x000000c4   Code   RO         4470    x$fpl$fadd          fz_ws.l(faddsub_clz.o)
    0x08003b94   0x0000000c   Code   RO         4934    x$fpl$fcheck1       fz_ws.l(fcheck1.o)
    0x08003ba0   0x00000018   Code   RO         4710    x$fpl$fcmpinf       fz_ws.l(fcmpi.o)
    0x08003bb8   0x00000184   Code   RO         4477    x$fpl$fdiv          fz_ws.l(fdiv.o)
    0x08003d3c   0x00000036   Code   RO         4482    x$fpl$ffix          fz_ws.l(ffix.o)
    0x08003d72   0x00000002   PAD
    0x08003d74   0x00000030   Code   RO         4487    x$fpl$fflt          fz_ws.l(fflt_clz.o)
    0x08003da4   0x00000068   Code   RO         4492    x$fpl$fleqf         fz_ws.l(fleqf.o)
    0x08003e0c   0x00000102   Code   RO         4494    x$fpl$fmul          fz_ws.l(fmul.o)
    0x08003f0e   0x0000008c   Code   RO         4712    x$fpl$fnaninf       fz_ws.l(fnaninf.o)
    0x08003f9a   0x0000000a   Code   RO         4714    x$fpl$fretinf       fz_ws.l(fretinf.o)
    0x08003fa4   0x00000062   Code   RO         4496    x$fpl$frleqf        fz_ws.l(frleqf.o)
    0x08004006   0x00000014   Code   RO         4471    x$fpl$frsb          fz_ws.l(faddsub_clz.o)
    0x0800401a   0x00000002   PAD
    0x0800401c   0x000000ea   Code   RO         4472    x$fpl$fsub          fz_ws.l(faddsub_clz.o)
    0x08004106   0x00000064   Code   RO         4956    x$fpl$retnan        fz_ws.l(retnan.o)
    0x0800416a   0x0000004c   Code   RO         4879    x$fpl$scalbnf       fz_ws.l(scalbnf.o)
    0x080041b6   0x00000030   Code   RO         4983    x$fpl$trapveneer    fz_ws.l(trapv.o)
    0x080041e6   0x00000000   Code   RO         4716    x$fpl$usenofp       fz_ws.l(usenofp.o)
    0x080041e6   0x00000002   PAD
    0x080041e8   0x0000000c   Data   RO         3906    .constdata          balance.o
    0x080041f4   0x00000030   Data   RO         4168    .constdata          hardwareserial.o
    0x08004224   0x00000010   Data   RO         3551    .constdata__ZTV7TwoWire  wire.o
    0x08004234   0x00000010   Data   RO         3658    .constdata__ZTV8WireBase  wirebase.o
    0x08004244   0x00000018   Data   RO          191    .constdata__ZTVN13geometry_msgs7Vector3E  main.o
    0x0800425c   0x00000018   Data   RO          189    .constdata__ZTVN3ros3MsgE  main.o
    0x08004274   0x00000018   Data   RO          193    .constdata__ZTVN9riki_msgs3ImuE  main.o
    0x0800428c   0x00000020   Data   RO         4988    Region$$Table       anon$$obj.o
    0x080042ac   0x00000004   Data   RO          142    .init_array         main.o
    0x080042b0   0x00000000   Data   RO         4324    .init_array         c_w.l(init_aeabi.o)


    Execution Region RW_IRAM1 (Base: 0x20000000, Size: 0x00002378, Max: 0x00005000, ABSOLUTE)

    Base Addr    Size         Type   Attr      Idx    E Section Name        Object

    0x20000000   0x00000014   Data   RW           28    .data               system_stm32f10x.o
    0x20000014   0x00000014   Data   RW         2057    .data               stm32f10x_rcc.o
    0x20000028   0x00000038   Data   RW         3435    .data               gpio.o
    0x20000060   0x00000064   Data   RW         3907    .data               balance.o
    0x200000c4   0x00000004   Data   RW         4099    .data               millisecondtimer.o
    0x200000c8   0x00000018   Data   RW         4169    .data               hardwareserial.o
    0x200000e0   0x0000000c   Data   RW         4222    .data               interrupt.o
    0x200000ec   0x00000004   PAD
    0x200000f0   0x00000224   Zero   RW          141    .bss                main.o
    0x20000314   0x00000060   Zero   RW         4734    .bss                c_w.l(libspace.o)
    0x20000374   0x00000004   PAD
    0x20000378   0x00001000   Zero   RW           18    HEAP                startup_stm32f10x_md.o
    0x20001378   0x00001000   Zero   RW           17    STACK               startup_stm32f10x_md.o


==============================================================================

Image component sizes


      Code (inc. data)   RO Data    RW Data    ZI Data      Debug   Object Name

      1512         94         12        100          0      21219   balance.o
       286         10          0          0          0       1356   battery.o
         0          0          0          0          0       4540   core_cm3.o
       310          4          0          0          0       1336   encoder.o
       124          4          0         56          0       3446   gpio.o
       444         50         48         24          0       2559   hardwareserial.o
        32          8          0         12          0       1398   interrupt.o
       468         52         76          0        548     278802   main.o
       180         38          0          4          0      17430   millisecondtimer.o
       112         12          0          0          0        912   misc.o
      1006         28          0          0          0       4820   mpu6050.o
        46          0          0          0          0       2616   ringbuffer.o
        64         26        236          0       8192        768   startup_stm32f10x_md.o
       390         10          0          0          0       6897   stm32f10x_adc.o
       416          8          0          0          0       3206   stm32f10x_dma.o
       448          6          0          0          0       4182   stm32f10x_gpio.o
       332         44          0         20          0       5205   stm32f10x_rcc.o
      1890        200          0          0          0      18099   stm32f10x_tim.o
       438          6          0          0          0       5272   stm32f10x_usart.o
       328         28          0         20          0     267433   system_stm32f10x.o
       472          8          0          0          0       1692   wheel.o
       736         26         16          0          0       9748   wire.o
       320          0         16          0          0       4588   wirebase.o

    ----------------------------------------------------------------------
     10388        662        436        236       8744     667524   Object Totals
         0          0         32          0          0          0   (incl. Generated)
        34          0          0          0          4          0   (incl. Padding)

    ----------------------------------------------------------------------

      Code (inc. data)   RO Data    RW Data    ZI Data      Debug   Library Member Name

         8          0          0          0          0         68   __main.o
         0          0          0          0          0          0   __rtentry.o
        12          0          0          0          0          0   __rtentry2.o
         6          0          0          0          0          0   __rtentry4.o
        52          8          0          0          0          0   __scatter.o
        26          0          0          0          0          0   __scatter_copy.o
        28          0          0          0          0          0   __scatter_zi.o
        46          0          0          0          0         84   aeabi_atexit.o
        66          0          0          0          0         84   cxa_finalize.o
        10          0          0          0          0         68   defsig_exit.o
        50          0          0          0          0         88   defsig_general.o
        48         34          0          0          0         76   defsig_pvfn_inner.o
        14          0          0          0          0         80   defsig_pvfn_outer.o
        80         58          0          0          0         76   defsig_rtmem_inner.o
        14          0          0          0          0         80   defsig_rtmem_outer.o
        18          0          0          0          0         80   exit.o
        94          0          0          0          0         80   h1_alloc.o
        52          0          0          0          0         68   h1_extend.o
        78          0          0          0          0         80   h1_free.o
        14          0          0          0          0         84   h1_init.o
         6          0          0          0          0        152   heapauxi.o
         4          0          0          0          0        136   hguard.o
         0          0          0          0          0          0   indicate_semi.o
        36         10          0          0          0         80   init_aeabi.o
       138          0          0          0          0        168   init_alloc.o
         2          0          0          0          0          0   libinit.o
        14          0          0          0          0          0   libinit2.o
         2          0          0          0          0          0   libshutdown.o
         8          0          0          0          0          0   libshutdown2.o
         8          4          0          0         96         68   libspace.o
         0          0          0          0          0          0   maybetermalloc1.o
         8          4          0          0          0         68   rt_ddtor_pointer_addr_intlibspace.o
         8          4          0          0          0         68   rt_heap_descriptor_intlibspace.o
        78          0          0          0          0         80   rt_memclr_w.o
         2          0          0          0          0          0   rtexit.o
        10          0          0          0          0          0   rtexit2.o
        12          4          0          0          0         68   sys_exit.o
        74          0          0          0          0         80   sys_stackheap_outer.o
        14          0          0          0          0         76   sys_wrch.o
         2          0          0          0          0         68   use_no_semi.o
         6          0          0          0          0         68   pure_virt.o
        98          4          0          0          0         92   d2f.o
       804         16          0          0          0        272   daddsub_clz.o
        24          0          0          0          0         68   dcmpi.o
       688        140          0          0          0        208   ddiv.o
        94          4          0          0          0         92   dfix.o
        84          0          0          0          0        136   dflt_clz.o
       120          4          0          0          0         92   dleqf.o
       340         12          0          0          0        104   dmul.o
       156          4          0          0          0         92   dnaninf.o
        12          0          0          0          0         68   dretinf.o
       108          0          0          0          0         80   drleqf.o
        86          4          0          0          0         84   f2d.o
       450          8          0          0          0        236   faddsub_clz.o
        12          4          0          0          0         68   fcheck1.o
        24          0          0          0          0         68   fcmpi.o
       388         76          0          0          0         96   fdiv.o
        54          4          0          0          0         84   ffix.o
        48          0          0          0          0         68   fflt_clz.o
       104          4          0          0          0         84   fleqf.o
       258          4          0          0          0         84   fmul.o
       140          4          0          0          0         84   fnaninf.o
        10          0          0          0          0         68   fretinf.o
        98          0          0          0          0         68   frleqf.o
       100          0          0          0          0         68   retnan.o
        76          0          0          0          0         68   scalbnf.o
        48          0          0          0          0         68   trapv.o
         0          0          0          0          0          0   usenofp.o
       604         76          0          0          0        116   atan2f.o
        38          0          0          0          0         68   fpclassifyf.o
        14          0          0          0          0        136   funder.o

    ----------------------------------------------------------------------
      6248        494          0          0        100       5196   Library Totals
        20          0          0          0          4          0   (incl. Padding)

    ----------------------------------------------------------------------

      Code (inc. data)   RO Data    RW Data    ZI Data      Debug   Library Name

      1142        126          0          0         96       2208   c_w.l
         6          0          0          0          0         68   cpprt_w.l
      4424        292          0          0          0       2600   fz_ws.l
       656         76          0          0          0        320   m_ws.l

    ----------------------------------------------------------------------
      6248        494          0          0        100       5196   Library Totals

    ----------------------------------------------------------------------

==============================================================================


      Code (inc. data)   RO Data    RW Data    ZI Data      Debug   

     16636       1156        436        236       8844     663200   Grand Totals
     16636       1156        436        236       8844     663200   ELF Image Totals
     16636       1156        436        236          0          0   ROM Totals

==============================================================================

    Total RO  Size (Code + RO Data)                17072 (  16.67kB)
    Total RW  Size (RW Data + ZI Data)              9080 (   8.87kB)
    Total ROM Size (Code + RO Data + RW Data)      17308 (  16.90kB)

==============================================================================

